[2026-01-01T14:24:01.365+0000] {local_task_job_runner.py:120} INFO - ::group::Pre task execution logs
[2026-01-01T14:24:01.408+0000] {taskinstance.py:2076} INFO - Dependencies all met for dep_context=non-requeueable deps ti=<TaskInstance: higiene_urbana_lisboa_etl.bronze_meteo manual__2026-01-01T14:22:56.765198+00:00 [queued]>
[2026-01-01T14:24:01.420+0000] {taskinstance.py:2076} INFO - Dependencies all met for dep_context=requeueable deps ti=<TaskInstance: higiene_urbana_lisboa_etl.bronze_meteo manual__2026-01-01T14:22:56.765198+00:00 [queued]>
[2026-01-01T14:24:01.421+0000] {taskinstance.py:2306} INFO - Starting attempt 1 of 2
[2026-01-01T14:24:01.437+0000] {taskinstance.py:2330} INFO - Executing <Task(BashOperator): bronze_meteo> on 2026-01-01 14:22:56.765198+00:00
[2026-01-01T14:24:01.449+0000] {logging_mixin.py:188} WARNING - /home/***/.local/lib/python3.12/site-packages/***/task/task_runner/standard_task_runner.py:61 DeprecationWarning: This process (pid=416) is multi-threaded, use of fork() may lead to deadlocks in the child.
[2026-01-01T14:24:01.451+0000] {standard_task_runner.py:63} INFO - Started process 418 to run task
[2026-01-01T14:24:01.450+0000] {standard_task_runner.py:90} INFO - Running: ['***', 'tasks', 'run', 'higiene_urbana_lisboa_etl', 'bronze_meteo', 'manual__2026-01-01T14:22:56.765198+00:00', '--job-id', '146', '--raw', '--subdir', 'DAGS_FOLDER/dag_higiene_lisboa.py', '--cfg-path', '/tmp/tmpy6_40s0k']
[2026-01-01T14:24:01.453+0000] {standard_task_runner.py:91} INFO - Job 146: Subtask bronze_meteo
[2026-01-01T14:24:01.471+0000] {logging_mixin.py:188} WARNING - /home/***/.local/lib/python3.12/site-packages/***/settings.py:195 DeprecationWarning: The sql_alchemy_conn option in [core] has been moved to the sql_alchemy_conn option in [database] - the old setting has been used, but please update your config.
[2026-01-01T14:24:01.523+0000] {task_command.py:426} INFO - Running <TaskInstance: higiene_urbana_lisboa_etl.bronze_meteo manual__2026-01-01T14:22:56.765198+00:00 [running]> on host 8216b447db0d
[2026-01-01T14:24:01.642+0000] {taskinstance.py:2648} INFO - Exporting env vars: AIRFLOW_CTX_DAG_OWNER='grupo10' AIRFLOW_CTX_DAG_ID='higiene_urbana_lisboa_etl' AIRFLOW_CTX_TASK_ID='bronze_meteo' AIRFLOW_CTX_EXECUTION_DATE='2026-01-01T14:22:56.765198+00:00' AIRFLOW_CTX_TRY_NUMBER='1' AIRFLOW_CTX_DAG_RUN_ID='manual__2026-01-01T14:22:56.765198+00:00'
[2026-01-01T14:24:01.643+0000] {taskinstance.py:430} INFO - ::endgroup::
[2026-01-01T14:24:01.658+0000] {subprocess.py:63} INFO - Tmp dir root location: /tmp
[2026-01-01T14:24:01.659+0000] {subprocess.py:75} INFO - Running command: ['/usr/bin/bash', '-c', 'python open_meteo_clima.py']
[2026-01-01T14:24:01.676+0000] {subprocess.py:86} INFO - Output:
[2026-01-01T14:25:09.436+0000] {subprocess.py:93} INFO - Iniciando extração para 16 concelhos via Nominatim...
[2026-01-01T14:25:09.437+0000] {subprocess.py:93} INFO - 
[2026-01-01T14:25:09.437+0000] {subprocess.py:93} INFO - Localizando: ALENQUER...
[2026-01-01T14:25:09.438+0000] {subprocess.py:93} INFO -    -> Encontrado: 39.0566, -9.0076
[2026-01-01T14:25:09.438+0000] {subprocess.py:93} INFO -    -> 26304 registos meteorológicos baixados.
[2026-01-01T14:25:09.438+0000] {subprocess.py:93} INFO - 
[2026-01-01T14:25:09.439+0000] {subprocess.py:93} INFO - Localizando: AMADORA...
[2026-01-01T14:25:09.439+0000] {subprocess.py:93} INFO -    -> Encontrado: 38.7590, -9.2365
[2026-01-01T14:25:09.439+0000] {subprocess.py:93} INFO -    -> 26304 registos meteorológicos baixados.
[2026-01-01T14:25:09.439+0000] {subprocess.py:93} INFO - 
[2026-01-01T14:25:09.439+0000] {subprocess.py:93} INFO - Localizando: ARRUDA DOS VINHOS...
[2026-01-01T14:25:09.439+0000] {subprocess.py:93} INFO -    -> Encontrado: 38.9830, -9.0776
[2026-01-01T14:25:09.440+0000] {subprocess.py:93} INFO -    -> 26304 registos meteorológicos baixados.
[2026-01-01T14:25:09.440+0000] {subprocess.py:93} INFO - 
[2026-01-01T14:25:09.440+0000] {subprocess.py:93} INFO - Localizando: AZAMBUJA...
[2026-01-01T14:25:09.440+0000] {subprocess.py:93} INFO -    -> Encontrado: 39.0690, -8.8685
[2026-01-01T14:25:09.440+0000] {subprocess.py:93} INFO -    -> 26304 registos meteorológicos baixados.
[2026-01-01T14:25:09.440+0000] {subprocess.py:93} INFO - 
[2026-01-01T14:25:09.441+0000] {subprocess.py:93} INFO - Localizando: CADAVAL...
[2026-01-01T14:25:09.441+0000] {subprocess.py:93} INFO -    -> Encontrado: 39.2429, -9.1027
[2026-01-01T14:25:09.441+0000] {subprocess.py:93} INFO -    -> 26304 registos meteorológicos baixados.
[2026-01-01T14:25:09.441+0000] {subprocess.py:93} INFO - 
[2026-01-01T14:25:09.441+0000] {subprocess.py:93} INFO - Localizando: CASCAIS...
[2026-01-01T14:25:09.441+0000] {subprocess.py:93} INFO -    -> Encontrado: 38.6969, -9.4204
[2026-01-01T14:25:09.441+0000] {subprocess.py:93} INFO -    -> 26304 registos meteorológicos baixados.
[2026-01-01T14:25:09.442+0000] {subprocess.py:93} INFO - 
[2026-01-01T14:25:09.442+0000] {subprocess.py:93} INFO - Localizando: LISBOA...
[2026-01-01T14:25:09.442+0000] {subprocess.py:93} INFO -    -> Encontrado: 38.7078, -9.1366
[2026-01-01T14:25:09.442+0000] {subprocess.py:93} INFO -    -> 26304 registos meteorológicos baixados.
[2026-01-01T14:25:09.442+0000] {subprocess.py:93} INFO - 
[2026-01-01T14:25:09.442+0000] {subprocess.py:93} INFO - Localizando: LOURES...
[2026-01-01T14:25:09.443+0000] {subprocess.py:93} INFO -    -> Encontrado: 38.8309, -9.1685
[2026-01-01T14:25:09.443+0000] {subprocess.py:93} INFO -    -> 26304 registos meteorológicos baixados.
[2026-01-01T14:25:09.443+0000] {subprocess.py:93} INFO - 
[2026-01-01T14:25:09.443+0000] {subprocess.py:93} INFO - Localizando: LOURINHÃ...
[2026-01-01T14:25:09.443+0000] {subprocess.py:93} INFO -    -> Encontrado: 39.2434, -9.3119
[2026-01-01T14:25:09.443+0000] {subprocess.py:93} INFO -    -> 26304 registos meteorológicos baixados.
[2026-01-01T14:25:09.443+0000] {subprocess.py:93} INFO - 
[2026-01-01T14:25:09.444+0000] {subprocess.py:93} INFO - Localizando: MAFRA...
[2026-01-01T14:25:09.444+0000] {subprocess.py:93} INFO -    -> Encontrado: 38.9370, -9.3282
[2026-01-01T14:25:09.444+0000] {subprocess.py:93} INFO -    -> 26304 registos meteorológicos baixados.
[2026-01-01T14:25:09.444+0000] {subprocess.py:93} INFO - 
[2026-01-01T14:25:09.444+0000] {subprocess.py:93} INFO - Localizando: ODIVELAS...
[2026-01-01T14:25:09.444+0000] {subprocess.py:93} INFO -    -> Encontrado: 38.7904, -9.1793
[2026-01-01T14:25:09.444+0000] {subprocess.py:93} INFO -    -> 26304 registos meteorológicos baixados.
[2026-01-01T14:25:09.445+0000] {subprocess.py:93} INFO - 
[2026-01-01T14:25:09.445+0000] {subprocess.py:93} INFO - Localizando: OEIRAS...
[2026-01-01T14:25:09.445+0000] {subprocess.py:93} INFO -    -> Encontrado: 38.6926, -9.3123
[2026-01-01T14:25:09.445+0000] {subprocess.py:93} INFO -    -> 26304 registos meteorológicos baixados.
[2026-01-01T14:25:09.445+0000] {subprocess.py:93} INFO - 
[2026-01-01T14:25:09.445+0000] {subprocess.py:93} INFO - Localizando: SINTRA...
[2026-01-01T14:25:09.445+0000] {subprocess.py:93} INFO -    -> Encontrado: 38.8355, -9.3522
[2026-01-01T14:25:09.446+0000] {subprocess.py:93} INFO -    -> 26304 registos meteorológicos baixados.
[2026-01-01T14:25:09.446+0000] {subprocess.py:93} INFO - 
[2026-01-01T14:25:09.446+0000] {subprocess.py:93} INFO - Localizando: SOBRAL DE MONTE AGRAÇO...
[2026-01-01T14:25:09.446+0000] {subprocess.py:93} INFO -    -> Encontrado: 39.0183, -9.1517
[2026-01-01T14:25:09.446+0000] {subprocess.py:93} INFO -    -> 26304 registos meteorológicos baixados.
[2026-01-01T14:25:09.446+0000] {subprocess.py:93} INFO - 
[2026-01-01T14:25:09.446+0000] {subprocess.py:93} INFO - Localizando: TORRES VEDRAS...
[2026-01-01T14:25:09.447+0000] {subprocess.py:93} INFO -    -> Encontrado: 39.0931, -9.2607
[2026-01-01T14:25:09.447+0000] {subprocess.py:93} INFO -    -> 26304 registos meteorológicos baixados.
[2026-01-01T14:25:09.447+0000] {subprocess.py:93} INFO - 
[2026-01-01T14:25:09.447+0000] {subprocess.py:93} INFO - Localizando: VILA FRANCA DE XIRA...
[2026-01-01T14:25:09.447+0000] {subprocess.py:93} INFO -    -> Encontrado: 38.9121, -8.9889
[2026-01-01T14:25:09.447+0000] {subprocess.py:93} INFO -    -> 26304 registos meteorológicos baixados.
[2026-01-01T14:25:09.447+0000] {subprocess.py:93} INFO - Total de linhas: 420864
[2026-01-01T14:25:09.448+0000] {subprocess.py:93} INFO - Salvando no MinIO (s3://bronze/open_meteo_distrito_lisboa.csv)...
[2026-01-01T14:25:09.448+0000] {subprocess.py:93} INFO - Upload concluído com sucesso!
[2026-01-01T14:25:09.933+0000] {subprocess.py:97} INFO - Command exited with return code 0
[2026-01-01T14:25:09.933+0000] {taskinstance.py:441} INFO - ::group::Post task execution logs
[2026-01-01T14:25:09.970+0000] {taskinstance.py:1206} INFO - Marking task as SUCCESS. dag_id=higiene_urbana_lisboa_etl, task_id=bronze_meteo, run_id=manual__2026-01-01T14:22:56.765198+00:00, execution_date=20260101T142256, start_date=20260101T142401, end_date=20260101T142509
[2026-01-01T14:25:10.009+0000] {local_task_job_runner.py:240} INFO - Task exited with return code 0
[2026-01-01T14:25:10.039+0000] {taskinstance.py:3498} INFO - 0 downstream tasks scheduled from follow-on schedule check
[2026-01-01T14:25:10.041+0000] {local_task_job_runner.py:222} INFO - ::endgroup::
