[2026-01-01T14:21:56.643+0000] {local_task_job_runner.py:120} INFO - ::group::Pre task execution logs
[2026-01-01T14:21:56.686+0000] {taskinstance.py:2076} INFO - Dependencies all met for dep_context=non-requeueable deps ti=<TaskInstance: higiene_urbana_lisboa_etl.bronze_ine scheduled__2025-12-31T00:00:00+00:00 [queued]>
[2026-01-01T14:21:56.698+0000] {taskinstance.py:2076} INFO - Dependencies all met for dep_context=requeueable deps ti=<TaskInstance: higiene_urbana_lisboa_etl.bronze_ine scheduled__2025-12-31T00:00:00+00:00 [queued]>
[2026-01-01T14:21:56.699+0000] {taskinstance.py:2306} INFO - Starting attempt 1 of 2
[2026-01-01T14:21:56.714+0000] {taskinstance.py:2330} INFO - Executing <Task(BashOperator): bronze_ine> on 2025-12-31 00:00:00+00:00
[2026-01-01T14:21:56.726+0000] {logging_mixin.py:188} WARNING - /home/***/.local/lib/python3.12/site-packages/***/task/task_runner/standard_task_runner.py:61 DeprecationWarning: This process (pid=272) is multi-threaded, use of fork() may lead to deadlocks in the child.
[2026-01-01T14:21:56.727+0000] {standard_task_runner.py:63} INFO - Started process 273 to run task
[2026-01-01T14:21:56.727+0000] {standard_task_runner.py:90} INFO - Running: ['***', 'tasks', 'run', 'higiene_urbana_lisboa_etl', 'bronze_ine', 'scheduled__2025-12-31T00:00:00+00:00', '--job-id', '140', '--raw', '--subdir', 'DAGS_FOLDER/dag_higiene_lisboa.py', '--cfg-path', '/tmp/tmpd2bumi2c']
[2026-01-01T14:21:56.729+0000] {standard_task_runner.py:91} INFO - Job 140: Subtask bronze_ine
[2026-01-01T14:21:56.748+0000] {logging_mixin.py:188} WARNING - /home/***/.local/lib/python3.12/site-packages/***/settings.py:195 DeprecationWarning: The sql_alchemy_conn option in [core] has been moved to the sql_alchemy_conn option in [database] - the old setting has been used, but please update your config.
[2026-01-01T14:21:56.796+0000] {task_command.py:426} INFO - Running <TaskInstance: higiene_urbana_lisboa_etl.bronze_ine scheduled__2025-12-31T00:00:00+00:00 [running]> on host 8216b447db0d
[2026-01-01T14:21:56.915+0000] {taskinstance.py:2648} INFO - Exporting env vars: AIRFLOW_CTX_DAG_OWNER='grupo10' AIRFLOW_CTX_DAG_ID='higiene_urbana_lisboa_etl' AIRFLOW_CTX_TASK_ID='bronze_ine' AIRFLOW_CTX_EXECUTION_DATE='2025-12-31T00:00:00+00:00' AIRFLOW_CTX_TRY_NUMBER='1' AIRFLOW_CTX_DAG_RUN_ID='scheduled__2025-12-31T00:00:00+00:00'
[2026-01-01T14:21:56.916+0000] {taskinstance.py:430} INFO - ::endgroup::
[2026-01-01T14:21:56.931+0000] {subprocess.py:63} INFO - Tmp dir root location: /tmp
[2026-01-01T14:21:56.931+0000] {subprocess.py:75} INFO - Running command: ['/usr/bin/bash', '-c', 'python ine.py']
[2026-01-01T14:21:56.950+0000] {subprocess.py:86} INFO - Output:
[2026-01-01T14:23:27.728+0000] {local_task_job_runner.py:310} WARNING - State of this instance has been externally set to success. Terminating instance.
[2026-01-01T14:23:27.728+0000] {local_task_job_runner.py:222} INFO - ::endgroup::
[2026-01-01T14:23:27.731+0000] {process_utils.py:132} INFO - Sending 15 to group 273. PIDs of all processes in the group: [275, 273]
[2026-01-01T14:23:27.731+0000] {process_utils.py:87} INFO - Sending the signal 15 to group 273
[2026-01-01T14:23:27.732+0000] {taskinstance.py:2611} ERROR - Received SIGTERM. Terminating subprocesses.
[2026-01-01T14:23:27.733+0000] {subprocess.py:104} INFO - Sending SIGTERM signal to process group
[2026-01-01T14:23:27.733+0000] {taskinstance.py:441} INFO - ::group::Post task execution logs
[2026-01-01T14:23:27.784+0000] {process_utils.py:80} INFO - Process psutil.Process(pid=275, status='terminated', started='14:21:56') (275) terminated with exit code None
[2026-01-01T14:23:27.785+0000] {process_utils.py:80} INFO - Process psutil.Process(pid=273, status='terminated', exitcode=0, started='14:21:56') (273) terminated with exit code 0
