[2026-01-01T14:21:56.644+0000] {local_task_job_runner.py:120} INFO - ::group::Pre task execution logs
[2026-01-01T14:21:56.690+0000] {taskinstance.py:2076} INFO - Dependencies all met for dep_context=non-requeueable deps ti=<TaskInstance: higiene_urbana_lisboa_etl.bronze_meteo scheduled__2025-12-31T00:00:00+00:00 [queued]>
[2026-01-01T14:21:56.701+0000] {taskinstance.py:2076} INFO - Dependencies all met for dep_context=requeueable deps ti=<TaskInstance: higiene_urbana_lisboa_etl.bronze_meteo scheduled__2025-12-31T00:00:00+00:00 [queued]>
[2026-01-01T14:21:56.702+0000] {taskinstance.py:2306} INFO - Starting attempt 1 of 2
[2026-01-01T14:21:56.717+0000] {taskinstance.py:2330} INFO - Executing <Task(BashOperator): bronze_meteo> on 2025-12-31 00:00:00+00:00
[2026-01-01T14:21:56.729+0000] {logging_mixin.py:188} WARNING - /home/***/.local/lib/python3.12/site-packages/***/task/task_runner/standard_task_runner.py:61 DeprecationWarning: This process (pid=271) is multi-threaded, use of fork() may lead to deadlocks in the child.
[2026-01-01T14:21:56.730+0000] {standard_task_runner.py:63} INFO - Started process 274 to run task
[2026-01-01T14:21:56.729+0000] {standard_task_runner.py:90} INFO - Running: ['***', 'tasks', 'run', 'higiene_urbana_lisboa_etl', 'bronze_meteo', 'scheduled__2025-12-31T00:00:00+00:00', '--job-id', '141', '--raw', '--subdir', 'DAGS_FOLDER/dag_higiene_lisboa.py', '--cfg-path', '/tmp/tmpchdvanos']
[2026-01-01T14:21:56.732+0000] {standard_task_runner.py:91} INFO - Job 141: Subtask bronze_meteo
[2026-01-01T14:21:56.750+0000] {logging_mixin.py:188} WARNING - /home/***/.local/lib/python3.12/site-packages/***/settings.py:195 DeprecationWarning: The sql_alchemy_conn option in [core] has been moved to the sql_alchemy_conn option in [database] - the old setting has been used, but please update your config.
[2026-01-01T14:21:56.794+0000] {task_command.py:426} INFO - Running <TaskInstance: higiene_urbana_lisboa_etl.bronze_meteo scheduled__2025-12-31T00:00:00+00:00 [running]> on host 8216b447db0d
[2026-01-01T14:21:56.916+0000] {taskinstance.py:2648} INFO - Exporting env vars: AIRFLOW_CTX_DAG_OWNER='grupo10' AIRFLOW_CTX_DAG_ID='higiene_urbana_lisboa_etl' AIRFLOW_CTX_TASK_ID='bronze_meteo' AIRFLOW_CTX_EXECUTION_DATE='2025-12-31T00:00:00+00:00' AIRFLOW_CTX_TRY_NUMBER='1' AIRFLOW_CTX_DAG_RUN_ID='scheduled__2025-12-31T00:00:00+00:00'
[2026-01-01T14:21:56.917+0000] {taskinstance.py:430} INFO - ::endgroup::
[2026-01-01T14:21:56.932+0000] {subprocess.py:63} INFO - Tmp dir root location: /tmp
[2026-01-01T14:21:56.932+0000] {subprocess.py:75} INFO - Running command: ['/usr/bin/bash', '-c', 'python open_meteo_clima.py']
[2026-01-01T14:21:56.950+0000] {subprocess.py:86} INFO - Output:
[2026-01-01T14:23:27.649+0000] {local_task_job_runner.py:310} WARNING - State of this instance has been externally set to success. Terminating instance.
[2026-01-01T14:23:27.649+0000] {local_task_job_runner.py:222} INFO - ::endgroup::
[2026-01-01T14:23:27.652+0000] {process_utils.py:132} INFO - Sending 15 to group 274. PIDs of all processes in the group: [276, 274]
[2026-01-01T14:23:27.653+0000] {process_utils.py:87} INFO - Sending the signal 15 to group 274
[2026-01-01T14:23:27.653+0000] {taskinstance.py:2611} ERROR - Received SIGTERM. Terminating subprocesses.
[2026-01-01T14:23:27.654+0000] {subprocess.py:104} INFO - Sending SIGTERM signal to process group
[2026-01-01T14:23:27.655+0000] {taskinstance.py:441} INFO - ::group::Post task execution logs
[2026-01-01T14:23:27.706+0000] {process_utils.py:80} INFO - Process psutil.Process(pid=276, status='terminated', started='14:21:56') (276) terminated with exit code None
[2026-01-01T14:23:27.707+0000] {process_utils.py:80} INFO - Process psutil.Process(pid=274, status='terminated', exitcode=0, started='14:21:56') (274) terminated with exit code 0
