[2026-01-01T16:50:17.576+0000] {local_task_job_runner.py:120} INFO - ::group::Pre task execution logs
[2026-01-01T16:50:17.605+0000] {taskinstance.py:2076} INFO - Dependencies all met for dep_context=non-requeueable deps ti=<TaskInstance: higiene_urbana_lisboa_etl.silver_transformation manual__2026-01-01T16:47:44.361639+00:00 [queued]>
[2026-01-01T16:50:17.613+0000] {taskinstance.py:2076} INFO - Dependencies all met for dep_context=requeueable deps ti=<TaskInstance: higiene_urbana_lisboa_etl.silver_transformation manual__2026-01-01T16:47:44.361639+00:00 [queued]>
[2026-01-01T16:50:17.613+0000] {taskinstance.py:2306} INFO - Starting attempt 1 of 2
[2026-01-01T16:50:17.624+0000] {taskinstance.py:2330} INFO - Executing <Task(BashOperator): silver_transformation> on 2026-01-01 16:47:44.361639+00:00
[2026-01-01T16:50:17.631+0000] {logging_mixin.py:188} WARNING - /home/***/.local/lib/python3.12/site-packages/***/task/task_runner/standard_task_runner.py:61 DeprecationWarning: This process (pid=692) is multi-threaded, use of fork() may lead to deadlocks in the child.
[2026-01-01T16:50:17.632+0000] {standard_task_runner.py:63} INFO - Started process 693 to run task
[2026-01-01T16:50:17.632+0000] {standard_task_runner.py:90} INFO - Running: ['***', 'tasks', 'run', 'higiene_urbana_lisboa_etl', 'silver_transformation', 'manual__2026-01-01T16:47:44.361639+00:00', '--job-id', '165', '--raw', '--subdir', 'DAGS_FOLDER/dag_higiene_lisboa.py', '--cfg-path', '/tmp/tmpkbfkjsqo']
[2026-01-01T16:50:17.633+0000] {standard_task_runner.py:91} INFO - Job 165: Subtask silver_transformation
[2026-01-01T16:50:17.645+0000] {logging_mixin.py:188} WARNING - /home/***/.local/lib/python3.12/site-packages/***/settings.py:195 DeprecationWarning: The sql_alchemy_conn option in [core] has been moved to the sql_alchemy_conn option in [database] - the old setting has been used, but please update your config.
[2026-01-01T16:50:17.675+0000] {task_command.py:426} INFO - Running <TaskInstance: higiene_urbana_lisboa_etl.silver_transformation manual__2026-01-01T16:47:44.361639+00:00 [running]> on host 8216b447db0d
[2026-01-01T16:50:17.754+0000] {taskinstance.py:2648} INFO - Exporting env vars: AIRFLOW_CTX_DAG_OWNER='grupo10' AIRFLOW_CTX_DAG_ID='higiene_urbana_lisboa_etl' AIRFLOW_CTX_TASK_ID='silver_transformation' AIRFLOW_CTX_EXECUTION_DATE='2026-01-01T16:47:44.361639+00:00' AIRFLOW_CTX_TRY_NUMBER='1' AIRFLOW_CTX_DAG_RUN_ID='manual__2026-01-01T16:47:44.361639+00:00'
[2026-01-01T16:50:17.755+0000] {taskinstance.py:430} INFO - ::endgroup::
[2026-01-01T16:50:17.765+0000] {subprocess.py:63} INFO - Tmp dir root location: /tmp
[2026-01-01T16:50:17.765+0000] {subprocess.py:75} INFO - Running command: ['/usr/bin/bash', '-c', 'python etl_silver.py']
[2026-01-01T16:50:17.777+0000] {subprocess.py:86} INFO - Output:
[2026-01-01T16:50:23.162+0000] {subprocess.py:93} INFO - --- INICIANDO PROCESSAMENTO CAMADA PRATA (VIA MINIO/S3) ---
[2026-01-01T16:50:23.162+0000] {subprocess.py:93} INFO - Processando: Dimensão Geografia...
[2026-01-01T16:50:23.163+0000] {subprocess.py:93} INFO -  -> Tabela 'silver_dim_geografia' criada.
[2026-01-01T16:50:23.163+0000] {subprocess.py:93} INFO - Processando: Ocorrências...
[2026-01-01T16:50:23.163+0000] {subprocess.py:93} INFO -  -> Tabela 'silver_fact_ocorrencias' criada.
[2026-01-01T16:50:23.164+0000] {subprocess.py:93} INFO - Processando: Ecopontos CML...
[2026-01-01T16:50:23.164+0000] {subprocess.py:93} INFO -  -> Tabela 'silver_dim_ecopontos_cml' criada.
[2026-01-01T16:50:23.164+0000] {subprocess.py:93} INFO - Processando: Meteorologia...
[2026-01-01T16:50:23.164+0000] {subprocess.py:93} INFO -  -> Tabela 'silver_fact_meteo' criada.
[2026-01-01T16:50:23.164+0000] {subprocess.py:93} INFO - Processando: Circuitos de Recolha...
[2026-01-01T16:50:23.164+0000] {subprocess.py:93} INFO -  -> Tabela 'silver_dim_circuitos_recolha' criada.
[2026-01-01T16:50:23.164+0000] {subprocess.py:93} INFO - Processando: Ecopontos OSM...
[2026-01-01T16:50:23.164+0000] {subprocess.py:93} INFO -  -> Tabela 'silver_dim_ecopontos_osm' criada.
[2026-01-01T16:50:23.164+0000] {subprocess.py:93} INFO - ✅ silver_dim_geografia: 141 linhas
[2026-01-01T16:50:23.165+0000] {subprocess.py:93} INFO - ✅ silver_fact_ocorrencias: 67336 linhas
[2026-01-01T16:50:23.165+0000] {subprocess.py:93} INFO - ✅ silver_dim_ecopontos_cml: 22629 linhas
[2026-01-01T16:50:23.165+0000] {subprocess.py:93} INFO - ✅ silver_fact_meteo: 412416 linhas
[2026-01-01T16:50:23.165+0000] {subprocess.py:93} INFO - ✅ silver_dim_ecopontos_osm: 1628 linhas
[2026-01-01T16:50:23.165+0000] {subprocess.py:93} INFO - 
[2026-01-01T16:50:23.165+0000] {subprocess.py:93} INFO - Processamento Silver (S3) concluído com sucesso!
[2026-01-01T16:50:23.184+0000] {subprocess.py:97} INFO - Command exited with return code 0
[2026-01-01T16:50:23.184+0000] {taskinstance.py:441} INFO - ::group::Post task execution logs
[2026-01-01T16:50:23.206+0000] {taskinstance.py:1206} INFO - Marking task as SUCCESS. dag_id=higiene_urbana_lisboa_etl, task_id=silver_transformation, run_id=manual__2026-01-01T16:47:44.361639+00:00, execution_date=20260101T164744, start_date=20260101T165017, end_date=20260101T165023
[2026-01-01T16:50:23.261+0000] {local_task_job_runner.py:240} INFO - Task exited with return code 0
[2026-01-01T16:50:23.282+0000] {taskinstance.py:3498} INFO - 1 downstream tasks scheduled from follow-on schedule check
[2026-01-01T16:50:23.284+0000] {local_task_job_runner.py:222} INFO - ::endgroup::
