[2026-01-01T16:47:45.122+0000] {local_task_job_runner.py:120} INFO - ::group::Pre task execution logs
[2026-01-01T16:47:45.155+0000] {taskinstance.py:2076} INFO - Dependencies all met for dep_context=non-requeueable deps ti=<TaskInstance: higiene_urbana_lisboa_etl.bronze_osm manual__2026-01-01T16:47:44.361639+00:00 [queued]>
[2026-01-01T16:47:45.165+0000] {taskinstance.py:2076} INFO - Dependencies all met for dep_context=requeueable deps ti=<TaskInstance: higiene_urbana_lisboa_etl.bronze_osm manual__2026-01-01T16:47:44.361639+00:00 [queued]>
[2026-01-01T16:47:45.165+0000] {taskinstance.py:2306} INFO - Starting attempt 1 of 2
[2026-01-01T16:47:45.179+0000] {taskinstance.py:2330} INFO - Executing <Task(BashOperator): bronze_osm> on 2026-01-01 16:47:44.361639+00:00
[2026-01-01T16:47:45.189+0000] {logging_mixin.py:188} WARNING - /home/***/.local/lib/python3.12/site-packages/***/task/task_runner/standard_task_runner.py:61 DeprecationWarning: This process (pid=541) is multi-threaded, use of fork() may lead to deadlocks in the child.
[2026-01-01T16:47:45.190+0000] {standard_task_runner.py:63} INFO - Started process 545 to run task
[2026-01-01T16:47:45.189+0000] {standard_task_runner.py:90} INFO - Running: ['***', 'tasks', 'run', 'higiene_urbana_lisboa_etl', 'bronze_osm', 'manual__2026-01-01T16:47:44.361639+00:00', '--job-id', '159', '--raw', '--subdir', 'DAGS_FOLDER/dag_higiene_lisboa.py', '--cfg-path', '/tmp/tmp4ozlrb7q']
[2026-01-01T16:47:45.191+0000] {standard_task_runner.py:91} INFO - Job 159: Subtask bronze_osm
[2026-01-01T16:47:45.208+0000] {logging_mixin.py:188} WARNING - /home/***/.local/lib/python3.12/site-packages/***/settings.py:195 DeprecationWarning: The sql_alchemy_conn option in [core] has been moved to the sql_alchemy_conn option in [database] - the old setting has been used, but please update your config.
[2026-01-01T16:47:45.251+0000] {task_command.py:426} INFO - Running <TaskInstance: higiene_urbana_lisboa_etl.bronze_osm manual__2026-01-01T16:47:44.361639+00:00 [running]> on host 8216b447db0d
[2026-01-01T16:47:45.351+0000] {taskinstance.py:2648} INFO - Exporting env vars: AIRFLOW_CTX_DAG_OWNER='grupo10' AIRFLOW_CTX_DAG_ID='higiene_urbana_lisboa_etl' AIRFLOW_CTX_TASK_ID='bronze_osm' AIRFLOW_CTX_EXECUTION_DATE='2026-01-01T16:47:44.361639+00:00' AIRFLOW_CTX_TRY_NUMBER='1' AIRFLOW_CTX_DAG_RUN_ID='manual__2026-01-01T16:47:44.361639+00:00'
[2026-01-01T16:47:45.352+0000] {taskinstance.py:430} INFO - ::endgroup::
[2026-01-01T16:47:45.364+0000] {subprocess.py:63} INFO - Tmp dir root location: /tmp
[2026-01-01T16:47:45.365+0000] {subprocess.py:75} INFO - Running command: ['/usr/bin/bash', '-c', 'python open_street_map.py']
[2026-01-01T16:47:45.379+0000] {subprocess.py:86} INFO - Output:
[2026-01-01T16:47:47.178+0000] {subprocess.py:93} INFO - Resgatando os dados do OSM
[2026-01-01T16:47:47.179+0000] {subprocess.py:93} INFO - Salvando no MinIO (s3://bronze/osm_ecopontos.csv)...
[2026-01-01T16:47:47.179+0000] {subprocess.py:93} INFO - Upload concluído com sucesso!
[2026-01-01T16:47:47.454+0000] {subprocess.py:97} INFO - Command exited with return code 0
[2026-01-01T16:47:47.455+0000] {taskinstance.py:441} INFO - ::group::Post task execution logs
[2026-01-01T16:47:47.476+0000] {taskinstance.py:1206} INFO - Marking task as SUCCESS. dag_id=higiene_urbana_lisboa_etl, task_id=bronze_osm, run_id=manual__2026-01-01T16:47:44.361639+00:00, execution_date=20260101T164744, start_date=20260101T164745, end_date=20260101T164747
[2026-01-01T16:47:47.498+0000] {local_task_job_runner.py:240} INFO - Task exited with return code 0
[2026-01-01T16:47:47.521+0000] {taskinstance.py:3498} INFO - 0 downstream tasks scheduled from follow-on schedule check
[2026-01-01T16:47:47.522+0000] {local_task_job_runner.py:222} INFO - ::endgroup::
