[2026-01-01T16:39:32.511+0000] {local_task_job_runner.py:120} INFO - ::group::Pre task execution logs
[2026-01-01T16:39:32.539+0000] {taskinstance.py:2076} INFO - Dependencies all met for dep_context=non-requeueable deps ti=<TaskInstance: higiene_urbana_lisboa_etl.bronze_meteo manual__2026-01-01T16:37:13.356582+00:00 [queued]>
[2026-01-01T16:39:32.547+0000] {taskinstance.py:2076} INFO - Dependencies all met for dep_context=requeueable deps ti=<TaskInstance: higiene_urbana_lisboa_etl.bronze_meteo manual__2026-01-01T16:37:13.356582+00:00 [queued]>
[2026-01-01T16:39:32.547+0000] {taskinstance.py:2306} INFO - Starting attempt 1 of 2
[2026-01-01T16:39:32.557+0000] {taskinstance.py:2330} INFO - Executing <Task(BashOperator): bronze_meteo> on 2026-01-01 16:37:13.356582+00:00
[2026-01-01T16:39:32.565+0000] {logging_mixin.py:188} WARNING - /home/***/.local/lib/python3.12/site-packages/***/task/task_runner/standard_task_runner.py:61 DeprecationWarning: This process (pid=313) is multi-threaded, use of fork() may lead to deadlocks in the child.
[2026-01-01T16:39:32.566+0000] {standard_task_runner.py:63} INFO - Started process 314 to run task
[2026-01-01T16:39:32.566+0000] {standard_task_runner.py:90} INFO - Running: ['***', 'tasks', 'run', 'higiene_urbana_lisboa_etl', 'bronze_meteo', 'manual__2026-01-01T16:37:13.356582+00:00', '--job-id', '155', '--raw', '--subdir', 'DAGS_FOLDER/dag_higiene_lisboa.py', '--cfg-path', '/tmp/tmpfyam84mm']
[2026-01-01T16:39:32.567+0000] {standard_task_runner.py:91} INFO - Job 155: Subtask bronze_meteo
[2026-01-01T16:39:32.579+0000] {logging_mixin.py:188} WARNING - /home/***/.local/lib/python3.12/site-packages/***/settings.py:195 DeprecationWarning: The sql_alchemy_conn option in [core] has been moved to the sql_alchemy_conn option in [database] - the old setting has been used, but please update your config.
[2026-01-01T16:39:32.608+0000] {task_command.py:426} INFO - Running <TaskInstance: higiene_urbana_lisboa_etl.bronze_meteo manual__2026-01-01T16:37:13.356582+00:00 [running]> on host 8216b447db0d
[2026-01-01T16:39:32.684+0000] {taskinstance.py:2648} INFO - Exporting env vars: AIRFLOW_CTX_DAG_OWNER='grupo10' AIRFLOW_CTX_DAG_ID='higiene_urbana_lisboa_etl' AIRFLOW_CTX_TASK_ID='bronze_meteo' AIRFLOW_CTX_EXECUTION_DATE='2026-01-01T16:37:13.356582+00:00' AIRFLOW_CTX_TRY_NUMBER='1' AIRFLOW_CTX_DAG_RUN_ID='manual__2026-01-01T16:37:13.356582+00:00'
[2026-01-01T16:39:32.685+0000] {taskinstance.py:430} INFO - ::endgroup::
[2026-01-01T16:39:32.696+0000] {subprocess.py:63} INFO - Tmp dir root location: /tmp
[2026-01-01T16:39:32.696+0000] {subprocess.py:75} INFO - Running command: ['/usr/bin/bash', '-c', 'python open_meteo_clima.py']
[2026-01-01T16:39:32.708+0000] {subprocess.py:86} INFO - Output:
[2026-01-01T16:43:30.020+0000] {local_task_job_runner.py:310} WARNING - State of this instance has been externally set to success. Terminating instance.
[2026-01-01T16:43:30.020+0000] {local_task_job_runner.py:222} INFO - ::endgroup::
[2026-01-01T16:43:30.022+0000] {process_utils.py:132} INFO - Sending 15 to group 314. PIDs of all processes in the group: [316, 314]
[2026-01-01T16:43:30.023+0000] {process_utils.py:87} INFO - Sending the signal 15 to group 314
[2026-01-01T16:43:30.023+0000] {taskinstance.py:2611} ERROR - Received SIGTERM. Terminating subprocesses.
[2026-01-01T16:43:30.023+0000] {subprocess.py:104} INFO - Sending SIGTERM signal to process group
[2026-01-01T16:43:30.023+0000] {taskinstance.py:441} INFO - ::group::Post task execution logs
[2026-01-01T16:43:30.049+0000] {process_utils.py:80} INFO - Process psutil.Process(pid=314, status='terminated', exitcode=0, started='16:39:32') (314) terminated with exit code 0
[2026-01-01T16:43:30.050+0000] {process_utils.py:80} INFO - Process psutil.Process(pid=316, status='terminated', started='16:39:32') (316) terminated with exit code None
