[2026-01-01T16:47:45.122+0000] {local_task_job_runner.py:120} INFO - ::group::Pre task execution logs
[2026-01-01T16:47:45.155+0000] {taskinstance.py:2076} INFO - Dependencies all met for dep_context=non-requeueable deps ti=<TaskInstance: higiene_urbana_lisboa_etl.bronze_cml_ecopontos manual__2026-01-01T16:47:44.361639+00:00 [queued]>
[2026-01-01T16:47:45.165+0000] {taskinstance.py:2076} INFO - Dependencies all met for dep_context=requeueable deps ti=<TaskInstance: higiene_urbana_lisboa_etl.bronze_cml_ecopontos manual__2026-01-01T16:47:44.361639+00:00 [queued]>
[2026-01-01T16:47:45.165+0000] {taskinstance.py:2306} INFO - Starting attempt 1 of 2
[2026-01-01T16:47:45.180+0000] {taskinstance.py:2330} INFO - Executing <Task(BashOperator): bronze_cml_ecopontos> on 2026-01-01 16:47:44.361639+00:00
[2026-01-01T16:47:45.189+0000] {logging_mixin.py:188} WARNING - /home/***/.local/lib/python3.12/site-packages/***/task/task_runner/standard_task_runner.py:61 DeprecationWarning: This process (pid=544) is multi-threaded, use of fork() may lead to deadlocks in the child.
[2026-01-01T16:47:45.190+0000] {standard_task_runner.py:63} INFO - Started process 546 to run task
[2026-01-01T16:47:45.189+0000] {standard_task_runner.py:90} INFO - Running: ['***', 'tasks', 'run', 'higiene_urbana_lisboa_etl', 'bronze_cml_ecopontos', 'manual__2026-01-01T16:47:44.361639+00:00', '--job-id', '160', '--raw', '--subdir', 'DAGS_FOLDER/dag_higiene_lisboa.py', '--cfg-path', '/tmp/tmpeqvxodae']
[2026-01-01T16:47:45.191+0000] {standard_task_runner.py:91} INFO - Job 160: Subtask bronze_cml_ecopontos
[2026-01-01T16:47:45.207+0000] {logging_mixin.py:188} WARNING - /home/***/.local/lib/python3.12/site-packages/***/settings.py:195 DeprecationWarning: The sql_alchemy_conn option in [core] has been moved to the sql_alchemy_conn option in [database] - the old setting has been used, but please update your config.
[2026-01-01T16:47:45.247+0000] {task_command.py:426} INFO - Running <TaskInstance: higiene_urbana_lisboa_etl.bronze_cml_ecopontos manual__2026-01-01T16:47:44.361639+00:00 [running]> on host 8216b447db0d
[2026-01-01T16:47:45.349+0000] {taskinstance.py:2648} INFO - Exporting env vars: AIRFLOW_CTX_DAG_OWNER='grupo10' AIRFLOW_CTX_DAG_ID='higiene_urbana_lisboa_etl' AIRFLOW_CTX_TASK_ID='bronze_cml_ecopontos' AIRFLOW_CTX_EXECUTION_DATE='2026-01-01T16:47:44.361639+00:00' AIRFLOW_CTX_TRY_NUMBER='1' AIRFLOW_CTX_DAG_RUN_ID='manual__2026-01-01T16:47:44.361639+00:00'
[2026-01-01T16:47:45.350+0000] {taskinstance.py:430} INFO - ::endgroup::
[2026-01-01T16:47:45.364+0000] {subprocess.py:63} INFO - Tmp dir root location: /tmp
[2026-01-01T16:47:45.364+0000] {subprocess.py:75} INFO - Running command: ['/usr/bin/bash', '-c', 'python camara_municipal_lisboa.py']
[2026-01-01T16:47:45.379+0000] {subprocess.py:86} INFO - Output:
[2026-01-01T16:50:04.596+0000] {subprocess.py:93} INFO - --- INICIANDO PROCESSO CML ---
[2026-01-01T16:50:04.597+0000] {subprocess.py:93} INFO - 🔍 Consultando estrutura do serviço: https://services.arcgis.com/1dSrzEWVQn5kHHyK/arcgis/rest/services/Amb_Reciclagem/FeatureServer?f=json
[2026-01-01T16:50:04.597+0000] {subprocess.py:93} INFO -    ✅ Encontradas 13 layers disponíveis:
[2026-01-01T16:50:04.597+0000] {subprocess.py:93} INFO -       - ID 12: Pontos de Deposição Resíduos Alimentares
[2026-01-01T16:50:04.598+0000] {subprocess.py:93} INFO -       - ID 1: Papel e Cartão
[2026-01-01T16:50:04.598+0000] {subprocess.py:93} INFO -       - ID 2: Ecopontos
[2026-01-01T16:50:04.598+0000] {subprocess.py:93} INFO -       - ID 13: Ecoilhas
[2026-01-01T16:50:04.598+0000] {subprocess.py:93} INFO -       - ID 3: Ecocentros Móveis
[2026-01-01T16:50:04.598+0000] {subprocess.py:93} INFO -       - ID 4: Óleos Alimentares Usados (OAU)
[2026-01-01T16:50:04.598+0000] {subprocess.py:93} INFO -       - ID 5: Equip. Eléctricos e Electrónicos (REEE)
[2026-01-01T16:50:04.599+0000] {subprocess.py:93} INFO -       - ID 6: Vidrões
[2026-01-01T16:50:04.599+0000] {subprocess.py:93} INFO -       - ID 7: Áreas de Recolha de Resíduos - Porta-a-Porta, Entidades e EcoIlhas de Superfície
[2026-01-01T16:50:04.599+0000] {subprocess.py:93} INFO -       - ID 8: Papeleiras
[2026-01-01T16:50:04.599+0000] {subprocess.py:93} INFO -       - ID 9: Pilhões
[2026-01-01T16:50:04.599+0000] {subprocess.py:93} INFO -       - ID 10: Suporte de Fixação de Contentores
[2026-01-01T16:50:04.599+0000] {subprocess.py:93} INFO -       - ID 11: Recolha Seletiva de Residuos de Jardim
[2026-01-01T16:50:04.599+0000] {subprocess.py:93} INFO -    -> Baixando dados da Layer: Pontos de Deposição Resíduos Alimentares ...
[2026-01-01T16:50:04.599+0000] {subprocess.py:93} INFO -    -> Baixando dados da Layer: Papel e Cartão ...
[2026-01-01T16:50:04.599+0000] {subprocess.py:93} INFO -    -> Baixando dados da Layer: Ecopontos ...
[2026-01-01T16:50:04.599+0000] {subprocess.py:93} INFO -    -> Baixando dados da Layer: Ecoilhas ...
[2026-01-01T16:50:04.600+0000] {subprocess.py:93} INFO -    -> Baixando dados da Layer: Ecocentros Móveis ...
[2026-01-01T16:50:04.600+0000] {subprocess.py:93} INFO -    -> Baixando dados da Layer: Óleos Alimentares Usados (OAU) ...
[2026-01-01T16:50:04.600+0000] {subprocess.py:93} INFO -    -> Baixando dados da Layer: Equip. Eléctricos e Electrónicos (REEE) ...
[2026-01-01T16:50:04.600+0000] {subprocess.py:93} INFO -    -> Baixando dados da Layer: Vidrões ...
[2026-01-01T16:50:04.600+0000] {subprocess.py:93} INFO -    -> Baixando dados da Layer: Áreas de Recolha de Resíduos - Porta-a-Porta, Entidades e EcoIlhas de Superfície ...
[2026-01-01T16:50:04.600+0000] {subprocess.py:93} INFO -    -> Baixando dados da Layer: Papeleiras ...
[2026-01-01T16:50:04.600+0000] {subprocess.py:93} INFO -    -> Baixando dados da Layer: Pilhões ...
[2026-01-01T16:50:04.600+0000] {subprocess.py:93} INFO -    -> Baixando dados da Layer: Suporte de Fixação de Contentores ...
[2026-01-01T16:50:04.600+0000] {subprocess.py:93} INFO -    -> Baixando dados da Layer: Recolha Seletiva de Residuos de Jardim ...
[2026-01-01T16:50:04.601+0000] {subprocess.py:93} INFO - 🔍 Consultando estrutura do serviço: https://services.arcgis.com/1dSrzEWVQn5kHHyK/arcgis/rest/services/Amb_Ecopontos_Subterraneos/FeatureServer?f=json
[2026-01-01T16:50:04.601+0000] {subprocess.py:93} INFO -    ⚠️ Nenhuma informação de 'layers' encontrada neste serviço.
[2026-01-01T16:50:04.601+0000] {subprocess.py:93} INFO - 
[2026-01-01T16:50:04.601+0000] {subprocess.py:93} INFO - TOTAL FINAL: 22629 ecopontos recuperados.
[2026-01-01T16:50:04.601+0000] {subprocess.py:93} INFO - Salvando no MinIO (s3://bronze/ecopontos_cml.csv)...
[2026-01-01T16:50:04.601+0000] {subprocess.py:93} INFO - Upload concluído com sucesso!
[2026-01-01T16:50:04.601+0000] {subprocess.py:93} INFO -    -> Baixando dados da Layer: Circuitos_Recolha ...
[2026-01-01T16:50:04.601+0000] {subprocess.py:93} INFO - Salvando no MinIO (s3://bronze/circuitos_recolha.csv)...
[2026-01-01T16:50:04.601+0000] {subprocess.py:93} INFO - Upload concluído com sucesso!
[2026-01-01T16:50:04.602+0000] {subprocess.py:93} INFO - --- FIM PROCESSO CML ---
[2026-01-01T16:50:04.913+0000] {subprocess.py:97} INFO - Command exited with return code 0
[2026-01-01T16:50:04.913+0000] {taskinstance.py:441} INFO - ::group::Post task execution logs
[2026-01-01T16:50:04.936+0000] {taskinstance.py:1206} INFO - Marking task as SUCCESS. dag_id=higiene_urbana_lisboa_etl, task_id=bronze_cml_ecopontos, run_id=manual__2026-01-01T16:47:44.361639+00:00, execution_date=20260101T164744, start_date=20260101T164745, end_date=20260101T165004
[2026-01-01T16:50:04.955+0000] {local_task_job_runner.py:240} INFO - Task exited with return code 0
[2026-01-01T16:50:04.979+0000] {taskinstance.py:3498} INFO - 2 downstream tasks scheduled from follow-on schedule check
[2026-01-01T16:50:04.980+0000] {local_task_job_runner.py:222} INFO - ::endgroup::
