[2026-01-01T16:50:05.448+0000] {local_task_job_runner.py:120} INFO - ::group::Pre task execution logs
[2026-01-01T16:50:05.494+0000] {taskinstance.py:2076} INFO - Dependencies all met for dep_context=non-requeueable deps ti=<TaskInstance: higiene_urbana_lisboa_etl.bronze_ine manual__2026-01-01T16:47:44.361639+00:00 [queued]>
[2026-01-01T16:50:05.501+0000] {taskinstance.py:2076} INFO - Dependencies all met for dep_context=requeueable deps ti=<TaskInstance: higiene_urbana_lisboa_etl.bronze_ine manual__2026-01-01T16:47:44.361639+00:00 [queued]>
[2026-01-01T16:50:05.501+0000] {taskinstance.py:2306} INFO - Starting attempt 1 of 2
[2026-01-01T16:50:05.512+0000] {taskinstance.py:2330} INFO - Executing <Task(BashOperator): bronze_ine> on 2026-01-01 16:47:44.361639+00:00
[2026-01-01T16:50:05.521+0000] {logging_mixin.py:188} WARNING - /home/***/.local/lib/python3.12/site-packages/***/task/task_runner/standard_task_runner.py:61 DeprecationWarning: This process (pid=646) is multi-threaded, use of fork() may lead to deadlocks in the child.
[2026-01-01T16:50:05.522+0000] {standard_task_runner.py:63} INFO - Started process 648 to run task
[2026-01-01T16:50:05.520+0000] {standard_task_runner.py:90} INFO - Running: ['***', 'tasks', 'run', 'higiene_urbana_lisboa_etl', 'bronze_ine', 'manual__2026-01-01T16:47:44.361639+00:00', '--job-id', '163', '--raw', '--subdir', 'DAGS_FOLDER/dag_higiene_lisboa.py', '--cfg-path', '/tmp/tmp3rex86hn']
[2026-01-01T16:50:05.522+0000] {standard_task_runner.py:91} INFO - Job 163: Subtask bronze_ine
[2026-01-01T16:50:05.535+0000] {logging_mixin.py:188} WARNING - /home/***/.local/lib/python3.12/site-packages/***/settings.py:195 DeprecationWarning: The sql_alchemy_conn option in [core] has been moved to the sql_alchemy_conn option in [database] - the old setting has been used, but please update your config.
[2026-01-01T16:50:05.564+0000] {task_command.py:426} INFO - Running <TaskInstance: higiene_urbana_lisboa_etl.bronze_ine manual__2026-01-01T16:47:44.361639+00:00 [running]> on host 8216b447db0d
[2026-01-01T16:50:05.651+0000] {taskinstance.py:2648} INFO - Exporting env vars: AIRFLOW_CTX_DAG_OWNER='grupo10' AIRFLOW_CTX_DAG_ID='higiene_urbana_lisboa_etl' AIRFLOW_CTX_TASK_ID='bronze_ine' AIRFLOW_CTX_EXECUTION_DATE='2026-01-01T16:47:44.361639+00:00' AIRFLOW_CTX_TRY_NUMBER='1' AIRFLOW_CTX_DAG_RUN_ID='manual__2026-01-01T16:47:44.361639+00:00'
[2026-01-01T16:50:05.653+0000] {taskinstance.py:430} INFO - ::endgroup::
[2026-01-01T16:50:05.669+0000] {subprocess.py:63} INFO - Tmp dir root location: /tmp
[2026-01-01T16:50:05.670+0000] {subprocess.py:75} INFO - Running command: ['/usr/bin/bash', '-c', 'python ine.py']
[2026-01-01T16:50:05.683+0000] {subprocess.py:86} INFO - Output:
[2026-01-01T16:50:07.505+0000] {subprocess.py:93} INFO - Salvando no MinIO (s3://bronze/edificios_censo_ine.csv)...
[2026-01-01T16:50:07.506+0000] {subprocess.py:93} INFO - Upload concluído com sucesso!
[2026-01-01T16:50:07.506+0000] {subprocess.py:93} INFO - Salvando no MinIO (s3://bronze/populacao_escolaridade_censo_ine.csv)...
[2026-01-01T16:50:07.506+0000] {subprocess.py:93} INFO - Upload concluído com sucesso!
[2026-01-01T16:50:07.506+0000] {subprocess.py:93} INFO - Salvando no MinIO (s3://bronze/populacao_idade_sexo_censo_ine.csv)...
[2026-01-01T16:50:07.506+0000] {subprocess.py:93} INFO - Upload concluído com sucesso!
[2026-01-01T16:50:07.755+0000] {subprocess.py:97} INFO - Command exited with return code 0
[2026-01-01T16:50:07.756+0000] {taskinstance.py:441} INFO - ::group::Post task execution logs
[2026-01-01T16:50:07.783+0000] {taskinstance.py:1206} INFO - Marking task as SUCCESS. dag_id=higiene_urbana_lisboa_etl, task_id=bronze_ine, run_id=manual__2026-01-01T16:47:44.361639+00:00, execution_date=20260101T164744, start_date=20260101T165005, end_date=20260101T165007
[2026-01-01T16:50:07.829+0000] {local_task_job_runner.py:240} INFO - Task exited with return code 0
[2026-01-01T16:50:07.850+0000] {taskinstance.py:3498} INFO - 0 downstream tasks scheduled from follow-on schedule check
[2026-01-01T16:50:07.851+0000] {local_task_job_runner.py:222} INFO - ::endgroup::
