[2026-01-01T16:43:24.180+0000] {local_task_job_runner.py:120} INFO - ::group::Pre task execution logs
[2026-01-01T16:43:24.211+0000] {taskinstance.py:2076} INFO - Dependencies all met for dep_context=non-requeueable deps ti=<TaskInstance: higiene_urbana_lisboa_etl.silver_transformation manual__2026-01-01T16:37:13.356582+00:00 [queued]>
[2026-01-01T16:43:24.219+0000] {taskinstance.py:2076} INFO - Dependencies all met for dep_context=requeueable deps ti=<TaskInstance: higiene_urbana_lisboa_etl.silver_transformation manual__2026-01-01T16:37:13.356582+00:00 [queued]>
[2026-01-01T16:43:24.219+0000] {taskinstance.py:2306} INFO - Starting attempt 1 of 2
[2026-01-01T16:43:24.230+0000] {taskinstance.py:2330} INFO - Executing <Task(BashOperator): silver_transformation> on 2026-01-01 16:37:13.356582+00:00
[2026-01-01T16:43:24.238+0000] {logging_mixin.py:188} WARNING - /home/***/.local/lib/python3.12/site-packages/***/task/task_runner/standard_task_runner.py:61 DeprecationWarning: This process (pid=390) is multi-threaded, use of fork() may lead to deadlocks in the child.
[2026-01-01T16:43:24.238+0000] {standard_task_runner.py:63} INFO - Started process 391 to run task
[2026-01-01T16:43:24.238+0000] {standard_task_runner.py:90} INFO - Running: ['***', 'tasks', 'run', 'higiene_urbana_lisboa_etl', 'silver_transformation', 'manual__2026-01-01T16:37:13.356582+00:00', '--job-id', '157', '--raw', '--subdir', 'DAGS_FOLDER/dag_higiene_lisboa.py', '--cfg-path', '/tmp/tmpi26g9fuv']
[2026-01-01T16:43:24.240+0000] {standard_task_runner.py:91} INFO - Job 157: Subtask silver_transformation
[2026-01-01T16:43:24.252+0000] {logging_mixin.py:188} WARNING - /home/***/.local/lib/python3.12/site-packages/***/settings.py:195 DeprecationWarning: The sql_alchemy_conn option in [core] has been moved to the sql_alchemy_conn option in [database] - the old setting has been used, but please update your config.
[2026-01-01T16:43:24.281+0000] {task_command.py:426} INFO - Running <TaskInstance: higiene_urbana_lisboa_etl.silver_transformation manual__2026-01-01T16:37:13.356582+00:00 [running]> on host 8216b447db0d
[2026-01-01T16:43:24.360+0000] {taskinstance.py:2648} INFO - Exporting env vars: AIRFLOW_CTX_DAG_OWNER='grupo10' AIRFLOW_CTX_DAG_ID='higiene_urbana_lisboa_etl' AIRFLOW_CTX_TASK_ID='silver_transformation' AIRFLOW_CTX_EXECUTION_DATE='2026-01-01T16:37:13.356582+00:00' AIRFLOW_CTX_TRY_NUMBER='1' AIRFLOW_CTX_DAG_RUN_ID='manual__2026-01-01T16:37:13.356582+00:00'
[2026-01-01T16:43:24.361+0000] {taskinstance.py:430} INFO - ::endgroup::
[2026-01-01T16:43:24.371+0000] {subprocess.py:63} INFO - Tmp dir root location: /tmp
[2026-01-01T16:43:24.371+0000] {subprocess.py:75} INFO - Running command: ['/usr/bin/bash', '-c', 'python etl_silver.py']
[2026-01-01T16:43:24.383+0000] {subprocess.py:86} INFO - Output:
[2026-01-01T16:43:24.876+0000] {subprocess.py:93} INFO - --- INICIANDO PROCESSAMENTO CAMADA PRATA (VIA MINIO/S3) ---
[2026-01-01T16:43:24.876+0000] {subprocess.py:93} INFO - Processando: Dimensão Geografia...
[2026-01-01T16:43:24.876+0000] {subprocess.py:93} INFO - Traceback (most recent call last):
[2026-01-01T16:43:24.877+0000] {subprocess.py:93} INFO -   File "/opt/***/codigos/prepared/etl_silver.py", line 53, in <module>
[2026-01-01T16:43:24.877+0000] {subprocess.py:93} INFO -     con.execute(f"CREATE OR REPLACE TEMP TABLE raw_pop AS SELECT * FROM read_csv_auto('{BRONZE_BUCKET}/populacao_escolaridade_censo_ine.csv')")
[2026-01-01T16:43:24.877+0000] {subprocess.py:93} INFO - _duckdb.HTTPException: HTTP Error: Unable to connect to URL "http://minio:9000/bronze/populacao_escolaridade_censo_ine.csv": 404 (Not Found).
[2026-01-01T16:43:24.877+0000] {subprocess.py:93} INFO - 
[2026-01-01T16:43:24.877+0000] {subprocess.py:93} INFO - LINE 1: CREATE OR REPLACE TEMP TABLE raw_pop AS SELECT * FROM read_csv_auto('s3://bronze/populacao_escolaridade_censo_ine...
[2026-01-01T16:43:24.877+0000] {subprocess.py:93} INFO -                                                               ^
[2026-01-01T16:43:24.912+0000] {subprocess.py:97} INFO - Command exited with return code 1
[2026-01-01T16:43:24.913+0000] {taskinstance.py:441} INFO - ::group::Post task execution logs
[2026-01-01T16:43:24.922+0000] {taskinstance.py:2905} ERROR - Task failed with exception
Traceback (most recent call last):
  File "/home/airflow/.local/lib/python3.12/site-packages/airflow/models/taskinstance.py", line 465, in _execute_task
    result = _execute_callable(context=context, **execute_callable_kwargs)
             ^^^^^^^^^^^^^^^^^^^^^^^^^^^^^^^^^^^^^^^^^^^^^^^^^^^^^^^^^^^^^
  File "/home/airflow/.local/lib/python3.12/site-packages/airflow/models/taskinstance.py", line 432, in _execute_callable
    return execute_callable(context=context, **execute_callable_kwargs)
           ^^^^^^^^^^^^^^^^^^^^^^^^^^^^^^^^^^^^^^^^^^^^^^^^^^^^^^^^^^^^
  File "/home/airflow/.local/lib/python3.12/site-packages/airflow/models/baseoperator.py", line 400, in wrapper
    return func(self, *args, **kwargs)
           ^^^^^^^^^^^^^^^^^^^^^^^^^^^
  File "/home/airflow/.local/lib/python3.12/site-packages/airflow/operators/bash.py", line 243, in execute
    raise AirflowException(
airflow.exceptions.AirflowException: Bash command failed. The command returned a non-zero exit code 1.
[2026-01-01T16:43:24.926+0000] {taskinstance.py:1206} INFO - Marking task as UP_FOR_RETRY. dag_id=higiene_urbana_lisboa_etl, task_id=silver_transformation, run_id=manual__2026-01-01T16:37:13.356582+00:00, execution_date=20260101T163713, start_date=20260101T164324, end_date=20260101T164324
[2026-01-01T16:43:24.936+0000] {standard_task_runner.py:110} ERROR - Failed to execute job 157 for task silver_transformation (Bash command failed. The command returned a non-zero exit code 1.; 391)
[2026-01-01T16:43:24.974+0000] {local_task_job_runner.py:240} INFO - Task exited with return code 1
[2026-01-01T16:43:24.995+0000] {taskinstance.py:3498} INFO - 0 downstream tasks scheduled from follow-on schedule check
[2026-01-01T16:43:24.996+0000] {local_task_job_runner.py:222} INFO - ::endgroup::
