[2026-01-01T16:37:14.223+0000] {local_task_job_runner.py:120} INFO - ::group::Pre task execution logs
[2026-01-01T16:37:14.260+0000] {taskinstance.py:2076} INFO - Dependencies all met for dep_context=non-requeueable deps ti=<TaskInstance: higiene_urbana_lisboa_etl.bronze_geoapi manual__2026-01-01T16:37:13.356582+00:00 [queued]>
[2026-01-01T16:37:14.268+0000] {taskinstance.py:2076} INFO - Dependencies all met for dep_context=requeueable deps ti=<TaskInstance: higiene_urbana_lisboa_etl.bronze_geoapi manual__2026-01-01T16:37:13.356582+00:00 [queued]>
[2026-01-01T16:37:14.268+0000] {taskinstance.py:2306} INFO - Starting attempt 1 of 2
[2026-01-01T16:37:14.282+0000] {taskinstance.py:2330} INFO - Executing <Task(BashOperator): bronze_geoapi> on 2026-01-01 16:37:13.356582+00:00
[2026-01-01T16:37:14.294+0000] {logging_mixin.py:188} WARNING - /home/***/.local/lib/python3.12/site-packages/***/task/task_runner/standard_task_runner.py:61 DeprecationWarning: This process (pid=210) is multi-threaded, use of fork() may lead to deadlocks in the child.
[2026-01-01T16:37:14.296+0000] {standard_task_runner.py:63} INFO - Started process 215 to run task
[2026-01-01T16:37:14.294+0000] {standard_task_runner.py:90} INFO - Running: ['***', 'tasks', 'run', 'higiene_urbana_lisboa_etl', 'bronze_geoapi', 'manual__2026-01-01T16:37:13.356582+00:00', '--job-id', '152', '--raw', '--subdir', 'DAGS_FOLDER/dag_higiene_lisboa.py', '--cfg-path', '/tmp/tmpa1z285cw']
[2026-01-01T16:37:14.297+0000] {standard_task_runner.py:91} INFO - Job 152: Subtask bronze_geoapi
[2026-01-01T16:37:14.312+0000] {logging_mixin.py:188} WARNING - /home/***/.local/lib/python3.12/site-packages/***/settings.py:195 DeprecationWarning: The sql_alchemy_conn option in [core] has been moved to the sql_alchemy_conn option in [database] - the old setting has been used, but please update your config.
[2026-01-01T16:37:14.346+0000] {task_command.py:426} INFO - Running <TaskInstance: higiene_urbana_lisboa_etl.bronze_geoapi manual__2026-01-01T16:37:13.356582+00:00 [running]> on host 8216b447db0d
[2026-01-01T16:37:14.429+0000] {taskinstance.py:2648} INFO - Exporting env vars: AIRFLOW_CTX_DAG_OWNER='grupo10' AIRFLOW_CTX_DAG_ID='higiene_urbana_lisboa_etl' AIRFLOW_CTX_TASK_ID='bronze_geoapi' AIRFLOW_CTX_EXECUTION_DATE='2026-01-01T16:37:13.356582+00:00' AIRFLOW_CTX_TRY_NUMBER='1' AIRFLOW_CTX_DAG_RUN_ID='manual__2026-01-01T16:37:13.356582+00:00'
[2026-01-01T16:37:14.430+0000] {taskinstance.py:430} INFO - ::endgroup::
[2026-01-01T16:37:14.442+0000] {subprocess.py:63} INFO - Tmp dir root location: /tmp
[2026-01-01T16:37:14.443+0000] {subprocess.py:75} INFO - Running command: ['/usr/bin/bash', '-c', 'python geoapi_freguesias.py']
[2026-01-01T16:37:14.457+0000] {subprocess.py:86} INFO - Output:
[2026-01-01T16:37:33.198+0000] {subprocess.py:93} INFO - --- FASE 1: Buscando municípios do Distrito de Lisboa ---
[2026-01-01T16:37:33.198+0000] {subprocess.py:93} INFO - URL: https://geoapi.pt/distrito/lisboa/municipios?json=1
[2026-01-01T16:37:33.198+0000] {subprocess.py:93} INFO - Municípios encontrados: 16
[2026-01-01T16:37:33.198+0000] {subprocess.py:93} INFO - [1/16] Processando: Alenquer...
[2026-01-01T16:37:33.199+0000] {subprocess.py:93} INFO - [2/16] Processando: Amadora...
[2026-01-01T16:37:33.199+0000] {subprocess.py:93} INFO - [3/16] Processando: Arruda Dos Vinhos...
[2026-01-01T16:37:33.199+0000] {subprocess.py:93} INFO - [4/16] Processando: Azambuja...
[2026-01-01T16:37:33.199+0000] {subprocess.py:93} INFO - [5/16] Processando: Cadaval...
[2026-01-01T16:37:33.199+0000] {subprocess.py:93} INFO - [6/16] Processando: Cascais...
[2026-01-01T16:37:33.199+0000] {subprocess.py:93} INFO - [7/16] Processando: Lisboa...
[2026-01-01T16:37:33.199+0000] {subprocess.py:93} INFO - [8/16] Processando: Loures...
[2026-01-01T16:37:33.199+0000] {subprocess.py:93} INFO - [9/16] Processando: Lourinhã...
[2026-01-01T16:37:33.199+0000] {subprocess.py:93} INFO - [10/16] Processando: Mafra...
[2026-01-01T16:37:33.200+0000] {subprocess.py:93} INFO - [11/16] Processando: Odivelas...
[2026-01-01T16:37:33.200+0000] {subprocess.py:93} INFO - [12/16] Processando: Oeiras...
[2026-01-01T16:37:33.200+0000] {subprocess.py:93} INFO - [13/16] Processando: Sintra...
[2026-01-01T16:37:33.200+0000] {subprocess.py:93} INFO - [14/16] Processando: Sobral de Monte Agraço...
[2026-01-01T16:37:33.200+0000] {subprocess.py:93} INFO - [15/16] Processando: Torres Vedras...
[2026-01-01T16:37:33.200+0000] {subprocess.py:93} INFO - [16/16] Processando: Vila Franca de Xira...
[2026-01-01T16:37:33.200+0000] {subprocess.py:93} INFO - 
[2026-01-01T16:37:33.200+0000] {subprocess.py:93} INFO - SUCESSO: 141 registros processados.
[2026-01-01T16:37:33.200+0000] {subprocess.py:93} INFO - Resgatando os dados de GEOAPI
[2026-01-01T16:37:33.201+0000] {subprocess.py:93} INFO - Salvando no MinIO (s3://bronze/geoapi_distrito_lisboa.csv)...
[2026-01-01T16:37:33.201+0000] {subprocess.py:93} INFO - Upload concluído com sucesso!
[2026-01-01T16:37:33.448+0000] {subprocess.py:97} INFO - Command exited with return code 0
[2026-01-01T16:37:33.449+0000] {taskinstance.py:441} INFO - ::group::Post task execution logs
[2026-01-01T16:37:33.476+0000] {taskinstance.py:1206} INFO - Marking task as SUCCESS. dag_id=higiene_urbana_lisboa_etl, task_id=bronze_geoapi, run_id=manual__2026-01-01T16:37:13.356582+00:00, execution_date=20260101T163713, start_date=20260101T163714, end_date=20260101T163733
[2026-01-01T16:37:33.501+0000] {local_task_job_runner.py:240} INFO - Task exited with return code 0
[2026-01-01T16:37:33.523+0000] {taskinstance.py:3498} INFO - 0 downstream tasks scheduled from follow-on schedule check
[2026-01-01T16:37:33.525+0000] {local_task_job_runner.py:222} INFO - ::endgroup::
