[2026-01-01T14:25:29.298+0000] {local_task_job_runner.py:120} INFO - ::group::Pre task execution logs
[2026-01-01T14:25:29.343+0000] {taskinstance.py:2076} INFO - Dependencies all met for dep_context=non-requeueable deps ti=<TaskInstance: higiene_urbana_lisboa_etl.silver_transformation manual__2026-01-01T14:22:56.765198+00:00 [queued]>
[2026-01-01T14:25:29.354+0000] {taskinstance.py:2076} INFO - Dependencies all met for dep_context=requeueable deps ti=<TaskInstance: higiene_urbana_lisboa_etl.silver_transformation manual__2026-01-01T14:22:56.765198+00:00 [queued]>
[2026-01-01T14:25:29.355+0000] {taskinstance.py:2306} INFO - Starting attempt 1 of 2
[2026-01-01T14:25:29.374+0000] {taskinstance.py:2330} INFO - Executing <Task(BashOperator): silver_transformation> on 2026-01-01 14:22:56.765198+00:00
[2026-01-01T14:25:29.385+0000] {logging_mixin.py:188} WARNING - /home/***/.local/lib/python3.12/site-packages/***/task/task_runner/standard_task_runner.py:61 DeprecationWarning: This process (pid=472) is multi-threaded, use of fork() may lead to deadlocks in the child.
[2026-01-01T14:25:29.387+0000] {standard_task_runner.py:63} INFO - Started process 473 to run task
[2026-01-01T14:25:29.386+0000] {standard_task_runner.py:90} INFO - Running: ['***', 'tasks', 'run', 'higiene_urbana_lisboa_etl', 'silver_transformation', 'manual__2026-01-01T14:22:56.765198+00:00', '--job-id', '148', '--raw', '--subdir', 'DAGS_FOLDER/dag_higiene_lisboa.py', '--cfg-path', '/tmp/tmpeesurgwa']
[2026-01-01T14:25:29.388+0000] {standard_task_runner.py:91} INFO - Job 148: Subtask silver_transformation
[2026-01-01T14:25:29.405+0000] {logging_mixin.py:188} WARNING - /home/***/.local/lib/python3.12/site-packages/***/settings.py:195 DeprecationWarning: The sql_alchemy_conn option in [core] has been moved to the sql_alchemy_conn option in [database] - the old setting has been used, but please update your config.
[2026-01-01T14:25:29.454+0000] {task_command.py:426} INFO - Running <TaskInstance: higiene_urbana_lisboa_etl.silver_transformation manual__2026-01-01T14:22:56.765198+00:00 [running]> on host 8216b447db0d
[2026-01-01T14:25:29.575+0000] {taskinstance.py:2648} INFO - Exporting env vars: AIRFLOW_CTX_DAG_OWNER='grupo10' AIRFLOW_CTX_DAG_ID='higiene_urbana_lisboa_etl' AIRFLOW_CTX_TASK_ID='silver_transformation' AIRFLOW_CTX_EXECUTION_DATE='2026-01-01T14:22:56.765198+00:00' AIRFLOW_CTX_TRY_NUMBER='1' AIRFLOW_CTX_DAG_RUN_ID='manual__2026-01-01T14:22:56.765198+00:00'
[2026-01-01T14:25:29.576+0000] {taskinstance.py:430} INFO - ::endgroup::
[2026-01-01T14:25:29.592+0000] {subprocess.py:63} INFO - Tmp dir root location: /tmp
[2026-01-01T14:25:29.592+0000] {subprocess.py:75} INFO - Running command: ['/usr/bin/bash', '-c', 'python etl_silver.py']
[2026-01-01T14:25:29.610+0000] {subprocess.py:86} INFO - Output:
[2026-01-01T14:25:38.513+0000] {subprocess.py:93} INFO - --- INICIANDO PROCESSAMENTO CAMADA PRATA (VIA MINIO/S3) ---
[2026-01-01T14:25:38.513+0000] {subprocess.py:93} INFO - Processando: Dimensão Geografia...
[2026-01-01T14:25:38.514+0000] {subprocess.py:93} INFO -  -> Tabela 'silver_dim_geografia' criada.
[2026-01-01T14:25:38.514+0000] {subprocess.py:93} INFO - Processando: Ocorrências...
[2026-01-01T14:25:38.515+0000] {subprocess.py:93} INFO -  -> Tabela 'silver_fact_ocorrencias' criada.
[2026-01-01T14:25:38.515+0000] {subprocess.py:93} INFO - Processando: Ecopontos CML...
[2026-01-01T14:25:38.515+0000] {subprocess.py:93} INFO -  -> Tabela 'silver_dim_ecopontos_cml' criada.
[2026-01-01T14:25:38.516+0000] {subprocess.py:93} INFO - Processando: Meteorologia...
[2026-01-01T14:25:38.516+0000] {subprocess.py:93} INFO -  -> Tabela 'silver_fact_meteo' criada.
[2026-01-01T14:25:38.516+0000] {subprocess.py:93} INFO - Processando: Circuitos de Recolha...
[2026-01-01T14:25:38.516+0000] {subprocess.py:93} INFO -  -> Tabela 'silver_dim_circuitos_recolha' criada.
[2026-01-01T14:25:38.516+0000] {subprocess.py:93} INFO - Processando: Ecopontos OSM...
[2026-01-01T14:25:38.516+0000] {subprocess.py:93} INFO -  -> Tabela 'silver_dim_ecopontos_osm' criada.
[2026-01-01T14:25:38.517+0000] {subprocess.py:93} INFO - ✅ silver_dim_geografia: 141 linhas
[2026-01-01T14:25:38.517+0000] {subprocess.py:93} INFO - ✅ silver_fact_ocorrencias: 67336 linhas
[2026-01-01T14:25:38.517+0000] {subprocess.py:93} INFO - ✅ silver_dim_ecopontos_cml: 115 linhas
[2026-01-01T14:25:38.517+0000] {subprocess.py:93} INFO - ✅ silver_fact_meteo: 420864 linhas
[2026-01-01T14:25:38.517+0000] {subprocess.py:93} INFO - ✅ silver_dim_ecopontos_osm: 1639 linhas
[2026-01-01T14:25:38.517+0000] {subprocess.py:93} INFO - 
[2026-01-01T14:25:38.518+0000] {subprocess.py:93} INFO - Processamento Silver (S3) concluído com sucesso!
[2026-01-01T14:25:38.544+0000] {subprocess.py:97} INFO - Command exited with return code 0
[2026-01-01T14:25:38.545+0000] {taskinstance.py:441} INFO - ::group::Post task execution logs
[2026-01-01T14:25:38.583+0000] {taskinstance.py:1206} INFO - Marking task as SUCCESS. dag_id=higiene_urbana_lisboa_etl, task_id=silver_transformation, run_id=manual__2026-01-01T14:22:56.765198+00:00, execution_date=20260101T142256, start_date=20260101T142529, end_date=20260101T142538
[2026-01-01T14:25:38.639+0000] {local_task_job_runner.py:240} INFO - Task exited with return code 0
[2026-01-01T14:25:38.667+0000] {taskinstance.py:3498} INFO - 1 downstream tasks scheduled from follow-on schedule check
[2026-01-01T14:25:38.669+0000] {local_task_job_runner.py:222} INFO - ::endgroup::
