[2026-01-01T14:20:50.981+0000] {processor.py:161} INFO - Started process (PID=172) to work on /opt/airflow/dags/dag_higiene_lisboa.py
[2026-01-01T14:20:50.982+0000] {processor.py:830} INFO - Processing file /opt/airflow/dags/dag_higiene_lisboa.py for tasks to queue
[2026-01-01T14:20:50.985+0000] {logging_mixin.py:188} INFO - [2026-01-01T14:20:50.985+0000] {dagbag.py:545} INFO - Filling up the DagBag from /opt/airflow/dags/dag_higiene_lisboa.py
[2026-01-01T14:20:51.021+0000] {processor.py:840} INFO - DAG(s) 'higiene_urbana_lisboa_etl' retrieved from /opt/airflow/dags/dag_higiene_lisboa.py
[2026-01-01T14:20:51.111+0000] {logging_mixin.py:188} INFO - [2026-01-01T14:20:51.111+0000] {dag.py:3096} INFO - Sync 1 DAGs
[2026-01-01T14:20:51.183+0000] {logging_mixin.py:188} INFO - [2026-01-01T14:20:51.182+0000] {dag.py:3954} INFO - Setting next_dagrun for higiene_urbana_lisboa_etl to 2026-01-01 00:00:00+00:00, run_after=2026-01-02 00:00:00+00:00
[2026-01-01T14:20:51.224+0000] {processor.py:183} INFO - Processing /opt/airflow/dags/dag_higiene_lisboa.py took 0.252 seconds
[2026-01-01T14:21:21.390+0000] {processor.py:161} INFO - Started process (PID=261) to work on /opt/airflow/dags/dag_higiene_lisboa.py
[2026-01-01T14:21:21.469+0000] {processor.py:830} INFO - Processing file /opt/airflow/dags/dag_higiene_lisboa.py for tasks to queue
[2026-01-01T14:21:21.471+0000] {logging_mixin.py:188} INFO - [2026-01-01T14:21:21.471+0000] {dagbag.py:545} INFO - Filling up the DagBag from /opt/airflow/dags/dag_higiene_lisboa.py
[2026-01-01T14:21:21.485+0000] {processor.py:840} INFO - DAG(s) 'higiene_urbana_lisboa_etl' retrieved from /opt/airflow/dags/dag_higiene_lisboa.py
[2026-01-01T14:21:21.665+0000] {logging_mixin.py:188} INFO - [2026-01-01T14:21:21.665+0000] {dag.py:3096} INFO - Sync 1 DAGs
[2026-01-01T14:21:21.690+0000] {logging_mixin.py:188} INFO - [2026-01-01T14:21:21.690+0000] {dag.py:3954} INFO - Setting next_dagrun for higiene_urbana_lisboa_etl to 2026-01-01 00:00:00+00:00, run_after=2026-01-02 00:00:00+00:00
[2026-01-01T14:21:21.715+0000] {processor.py:183} INFO - Processing /opt/airflow/dags/dag_higiene_lisboa.py took 0.331 seconds
[2026-01-01T14:21:51.889+0000] {processor.py:161} INFO - Started process (PID=266) to work on /opt/airflow/dags/dag_higiene_lisboa.py
[2026-01-01T14:21:52.369+0000] {processor.py:830} INFO - Processing file /opt/airflow/dags/dag_higiene_lisboa.py for tasks to queue
[2026-01-01T14:21:52.375+0000] {logging_mixin.py:188} INFO - [2026-01-01T14:21:52.371+0000] {dagbag.py:545} INFO - Filling up the DagBag from /opt/airflow/dags/dag_higiene_lisboa.py
[2026-01-01T14:21:52.391+0000] {processor.py:840} INFO - DAG(s) 'higiene_urbana_lisboa_etl' retrieved from /opt/airflow/dags/dag_higiene_lisboa.py
[2026-01-01T14:21:52.432+0000] {logging_mixin.py:188} INFO - [2026-01-01T14:21:52.432+0000] {dag.py:3096} INFO - Sync 1 DAGs
[2026-01-01T14:21:52.462+0000] {logging_mixin.py:188} INFO - [2026-01-01T14:21:52.462+0000] {dag.py:3954} INFO - Setting next_dagrun for higiene_urbana_lisboa_etl to 2026-01-01 00:00:00+00:00, run_after=2026-01-02 00:00:00+00:00
[2026-01-01T14:21:52.485+0000] {processor.py:183} INFO - Processing /opt/airflow/dags/dag_higiene_lisboa.py took 0.604 seconds
[2026-01-01T14:22:22.679+0000] {processor.py:161} INFO - Started process (PID=309) to work on /opt/airflow/dags/dag_higiene_lisboa.py
[2026-01-01T14:22:22.680+0000] {processor.py:830} INFO - Processing file /opt/airflow/dags/dag_higiene_lisboa.py for tasks to queue
[2026-01-01T14:22:22.684+0000] {logging_mixin.py:188} INFO - [2026-01-01T14:22:22.683+0000] {dagbag.py:545} INFO - Filling up the DagBag from /opt/airflow/dags/dag_higiene_lisboa.py
[2026-01-01T14:22:22.709+0000] {processor.py:840} INFO - DAG(s) 'higiene_urbana_lisboa_etl' retrieved from /opt/airflow/dags/dag_higiene_lisboa.py
[2026-01-01T14:22:22.748+0000] {logging_mixin.py:188} INFO - [2026-01-01T14:22:22.747+0000] {dag.py:3096} INFO - Sync 1 DAGs
[2026-01-01T14:22:22.778+0000] {logging_mixin.py:188} INFO - [2026-01-01T14:22:22.778+0000] {dag.py:3954} INFO - Setting next_dagrun for higiene_urbana_lisboa_etl to 2026-01-01 00:00:00+00:00, run_after=2026-01-02 00:00:00+00:00
[2026-01-01T14:22:22.801+0000] {processor.py:183} INFO - Processing /opt/airflow/dags/dag_higiene_lisboa.py took 0.133 seconds
[2026-01-01T14:22:52.840+0000] {processor.py:161} INFO - Started process (PID=316) to work on /opt/airflow/dags/dag_higiene_lisboa.py
[2026-01-01T14:22:52.902+0000] {processor.py:830} INFO - Processing file /opt/airflow/dags/dag_higiene_lisboa.py for tasks to queue
[2026-01-01T14:22:52.905+0000] {logging_mixin.py:188} INFO - [2026-01-01T14:22:52.904+0000] {dagbag.py:545} INFO - Filling up the DagBag from /opt/airflow/dags/dag_higiene_lisboa.py
[2026-01-01T14:22:52.920+0000] {processor.py:840} INFO - DAG(s) 'higiene_urbana_lisboa_etl' retrieved from /opt/airflow/dags/dag_higiene_lisboa.py
[2026-01-01T14:22:52.957+0000] {logging_mixin.py:188} INFO - [2026-01-01T14:22:52.957+0000] {dag.py:3096} INFO - Sync 1 DAGs
[2026-01-01T14:22:52.987+0000] {logging_mixin.py:188} INFO - [2026-01-01T14:22:52.987+0000] {dag.py:3954} INFO - Setting next_dagrun for higiene_urbana_lisboa_etl to 2026-01-01 00:00:00+00:00, run_after=2026-01-02 00:00:00+00:00
[2026-01-01T14:22:53.014+0000] {processor.py:183} INFO - Processing /opt/airflow/dags/dag_higiene_lisboa.py took 0.181 seconds
[2026-01-01T14:23:23.109+0000] {processor.py:161} INFO - Started process (PID=405) to work on /opt/airflow/dags/dag_higiene_lisboa.py
[2026-01-01T14:23:23.115+0000] {processor.py:830} INFO - Processing file /opt/airflow/dags/dag_higiene_lisboa.py for tasks to queue
[2026-01-01T14:23:23.118+0000] {logging_mixin.py:188} INFO - [2026-01-01T14:23:23.117+0000] {dagbag.py:545} INFO - Filling up the DagBag from /opt/airflow/dags/dag_higiene_lisboa.py
[2026-01-01T14:23:23.131+0000] {processor.py:840} INFO - DAG(s) 'higiene_urbana_lisboa_etl' retrieved from /opt/airflow/dags/dag_higiene_lisboa.py
[2026-01-01T14:23:23.164+0000] {logging_mixin.py:188} INFO - [2026-01-01T14:23:23.163+0000] {dag.py:3096} INFO - Sync 1 DAGs
[2026-01-01T14:23:23.190+0000] {logging_mixin.py:188} INFO - [2026-01-01T14:23:23.190+0000] {dag.py:3954} INFO - Setting next_dagrun for higiene_urbana_lisboa_etl to 2026-01-01 00:00:00+00:00, run_after=2026-01-02 00:00:00+00:00
[2026-01-01T14:23:23.215+0000] {processor.py:183} INFO - Processing /opt/airflow/dags/dag_higiene_lisboa.py took 0.112 seconds
[2026-01-01T14:23:53.305+0000] {processor.py:161} INFO - Started process (PID=410) to work on /opt/airflow/dags/dag_higiene_lisboa.py
[2026-01-01T14:23:53.312+0000] {processor.py:830} INFO - Processing file /opt/airflow/dags/dag_higiene_lisboa.py for tasks to queue
[2026-01-01T14:23:53.314+0000] {logging_mixin.py:188} INFO - [2026-01-01T14:23:53.314+0000] {dagbag.py:545} INFO - Filling up the DagBag from /opt/airflow/dags/dag_higiene_lisboa.py
[2026-01-01T14:23:53.329+0000] {processor.py:840} INFO - DAG(s) 'higiene_urbana_lisboa_etl' retrieved from /opt/airflow/dags/dag_higiene_lisboa.py
[2026-01-01T14:23:53.367+0000] {logging_mixin.py:188} INFO - [2026-01-01T14:23:53.367+0000] {dag.py:3096} INFO - Sync 1 DAGs
[2026-01-01T14:23:53.400+0000] {logging_mixin.py:188} INFO - [2026-01-01T14:23:53.399+0000] {dag.py:3954} INFO - Setting next_dagrun for higiene_urbana_lisboa_etl to 2026-01-01 00:00:00+00:00, run_after=2026-01-02 00:00:00+00:00
[2026-01-01T14:23:53.424+0000] {processor.py:183} INFO - Processing /opt/airflow/dags/dag_higiene_lisboa.py took 0.127 seconds
[2026-01-01T14:24:23.514+0000] {processor.py:161} INFO - Started process (PID=453) to work on /opt/airflow/dags/dag_higiene_lisboa.py
[2026-01-01T14:24:23.521+0000] {processor.py:830} INFO - Processing file /opt/airflow/dags/dag_higiene_lisboa.py for tasks to queue
[2026-01-01T14:24:23.524+0000] {logging_mixin.py:188} INFO - [2026-01-01T14:24:23.523+0000] {dagbag.py:545} INFO - Filling up the DagBag from /opt/airflow/dags/dag_higiene_lisboa.py
[2026-01-01T14:24:23.538+0000] {processor.py:840} INFO - DAG(s) 'higiene_urbana_lisboa_etl' retrieved from /opt/airflow/dags/dag_higiene_lisboa.py
[2026-01-01T14:24:23.576+0000] {logging_mixin.py:188} INFO - [2026-01-01T14:24:23.575+0000] {dag.py:3096} INFO - Sync 1 DAGs
[2026-01-01T14:24:23.604+0000] {logging_mixin.py:188} INFO - [2026-01-01T14:24:23.604+0000] {dag.py:3954} INFO - Setting next_dagrun for higiene_urbana_lisboa_etl to 2026-01-01 00:00:00+00:00, run_after=2026-01-02 00:00:00+00:00
[2026-01-01T14:24:23.632+0000] {processor.py:183} INFO - Processing /opt/airflow/dags/dag_higiene_lisboa.py took 0.124 seconds
[2026-01-01T14:24:53.741+0000] {processor.py:161} INFO - Started process (PID=460) to work on /opt/airflow/dags/dag_higiene_lisboa.py
[2026-01-01T14:24:53.748+0000] {processor.py:830} INFO - Processing file /opt/airflow/dags/dag_higiene_lisboa.py for tasks to queue
[2026-01-01T14:24:53.751+0000] {logging_mixin.py:188} INFO - [2026-01-01T14:24:53.751+0000] {dagbag.py:545} INFO - Filling up the DagBag from /opt/airflow/dags/dag_higiene_lisboa.py
[2026-01-01T14:24:53.766+0000] {processor.py:840} INFO - DAG(s) 'higiene_urbana_lisboa_etl' retrieved from /opt/airflow/dags/dag_higiene_lisboa.py
[2026-01-01T14:24:53.802+0000] {logging_mixin.py:188} INFO - [2026-01-01T14:24:53.801+0000] {dag.py:3096} INFO - Sync 1 DAGs
[2026-01-01T14:24:53.831+0000] {logging_mixin.py:188} INFO - [2026-01-01T14:24:53.830+0000] {dag.py:3954} INFO - Setting next_dagrun for higiene_urbana_lisboa_etl to 2026-01-01 00:00:00+00:00, run_after=2026-01-02 00:00:00+00:00
[2026-01-01T14:24:53.857+0000] {processor.py:183} INFO - Processing /opt/airflow/dags/dag_higiene_lisboa.py took 0.122 seconds
[2026-01-01T14:25:23.946+0000] {processor.py:161} INFO - Started process (PID=467) to work on /opt/airflow/dags/dag_higiene_lisboa.py
[2026-01-01T14:25:23.952+0000] {processor.py:830} INFO - Processing file /opt/airflow/dags/dag_higiene_lisboa.py for tasks to queue
[2026-01-01T14:25:23.955+0000] {logging_mixin.py:188} INFO - [2026-01-01T14:25:23.955+0000] {dagbag.py:545} INFO - Filling up the DagBag from /opt/airflow/dags/dag_higiene_lisboa.py
[2026-01-01T14:25:23.970+0000] {processor.py:840} INFO - DAG(s) 'higiene_urbana_lisboa_etl' retrieved from /opt/airflow/dags/dag_higiene_lisboa.py
[2026-01-01T14:25:24.010+0000] {logging_mixin.py:188} INFO - [2026-01-01T14:25:24.010+0000] {dag.py:3096} INFO - Sync 1 DAGs
[2026-01-01T14:25:24.041+0000] {logging_mixin.py:188} INFO - [2026-01-01T14:25:24.041+0000] {dag.py:3954} INFO - Setting next_dagrun for higiene_urbana_lisboa_etl to 2026-01-01 00:00:00+00:00, run_after=2026-01-02 00:00:00+00:00
[2026-01-01T14:25:24.064+0000] {processor.py:183} INFO - Processing /opt/airflow/dags/dag_higiene_lisboa.py took 0.125 seconds
[2026-01-01T14:25:54.214+0000] {processor.py:161} INFO - Started process (PID=578) to work on /opt/airflow/dags/dag_higiene_lisboa.py
[2026-01-01T14:25:54.216+0000] {processor.py:830} INFO - Processing file /opt/airflow/dags/dag_higiene_lisboa.py for tasks to queue
[2026-01-01T14:25:54.218+0000] {logging_mixin.py:188} INFO - [2026-01-01T14:25:54.217+0000] {dagbag.py:545} INFO - Filling up the DagBag from /opt/airflow/dags/dag_higiene_lisboa.py
[2026-01-01T14:25:54.233+0000] {processor.py:840} INFO - DAG(s) 'higiene_urbana_lisboa_etl' retrieved from /opt/airflow/dags/dag_higiene_lisboa.py
[2026-01-01T14:25:54.268+0000] {logging_mixin.py:188} INFO - [2026-01-01T14:25:54.267+0000] {dag.py:3096} INFO - Sync 1 DAGs
[2026-01-01T14:25:54.298+0000] {logging_mixin.py:188} INFO - [2026-01-01T14:25:54.298+0000] {dag.py:3954} INFO - Setting next_dagrun for higiene_urbana_lisboa_etl to 2026-01-01 00:00:00+00:00, run_after=2026-01-02 00:00:00+00:00
[2026-01-01T14:25:54.325+0000] {processor.py:183} INFO - Processing /opt/airflow/dags/dag_higiene_lisboa.py took 0.117 seconds
[2026-01-01T14:26:24.385+0000] {processor.py:161} INFO - Started process (PID=583) to work on /opt/airflow/dags/dag_higiene_lisboa.py
[2026-01-01T14:26:24.392+0000] {processor.py:830} INFO - Processing file /opt/airflow/dags/dag_higiene_lisboa.py for tasks to queue
[2026-01-01T14:26:24.395+0000] {logging_mixin.py:188} INFO - [2026-01-01T14:26:24.394+0000] {dagbag.py:545} INFO - Filling up the DagBag from /opt/airflow/dags/dag_higiene_lisboa.py
[2026-01-01T14:26:24.409+0000] {processor.py:840} INFO - DAG(s) 'higiene_urbana_lisboa_etl' retrieved from /opt/airflow/dags/dag_higiene_lisboa.py
[2026-01-01T14:26:24.445+0000] {logging_mixin.py:188} INFO - [2026-01-01T14:26:24.445+0000] {dag.py:3096} INFO - Sync 1 DAGs
[2026-01-01T14:26:24.475+0000] {logging_mixin.py:188} INFO - [2026-01-01T14:26:24.475+0000] {dag.py:3954} INFO - Setting next_dagrun for higiene_urbana_lisboa_etl to 2026-01-01 00:00:00+00:00, run_after=2026-01-02 00:00:00+00:00
[2026-01-01T14:26:24.504+0000] {processor.py:183} INFO - Processing /opt/airflow/dags/dag_higiene_lisboa.py took 0.126 seconds
[2026-01-01T14:26:54.638+0000] {processor.py:161} INFO - Started process (PID=588) to work on /opt/airflow/dags/dag_higiene_lisboa.py
[2026-01-01T14:26:54.645+0000] {processor.py:830} INFO - Processing file /opt/airflow/dags/dag_higiene_lisboa.py for tasks to queue
[2026-01-01T14:26:54.647+0000] {logging_mixin.py:188} INFO - [2026-01-01T14:26:54.647+0000] {dagbag.py:545} INFO - Filling up the DagBag from /opt/airflow/dags/dag_higiene_lisboa.py
[2026-01-01T14:26:54.660+0000] {processor.py:840} INFO - DAG(s) 'higiene_urbana_lisboa_etl' retrieved from /opt/airflow/dags/dag_higiene_lisboa.py
[2026-01-01T14:26:54.691+0000] {logging_mixin.py:188} INFO - [2026-01-01T14:26:54.691+0000] {dag.py:3096} INFO - Sync 1 DAGs
[2026-01-01T14:26:54.719+0000] {logging_mixin.py:188} INFO - [2026-01-01T14:26:54.719+0000] {dag.py:3954} INFO - Setting next_dagrun for higiene_urbana_lisboa_etl to 2026-01-01 00:00:00+00:00, run_after=2026-01-02 00:00:00+00:00
[2026-01-01T14:26:54.744+0000] {processor.py:183} INFO - Processing /opt/airflow/dags/dag_higiene_lisboa.py took 0.111 seconds
[2026-01-01T14:27:24.793+0000] {processor.py:161} INFO - Started process (PID=593) to work on /opt/airflow/dags/dag_higiene_lisboa.py
[2026-01-01T14:27:24.800+0000] {processor.py:830} INFO - Processing file /opt/airflow/dags/dag_higiene_lisboa.py for tasks to queue
[2026-01-01T14:27:24.802+0000] {logging_mixin.py:188} INFO - [2026-01-01T14:27:24.802+0000] {dagbag.py:545} INFO - Filling up the DagBag from /opt/airflow/dags/dag_higiene_lisboa.py
[2026-01-01T14:27:24.815+0000] {processor.py:840} INFO - DAG(s) 'higiene_urbana_lisboa_etl' retrieved from /opt/airflow/dags/dag_higiene_lisboa.py
[2026-01-01T14:27:24.848+0000] {logging_mixin.py:188} INFO - [2026-01-01T14:27:24.848+0000] {dag.py:3096} INFO - Sync 1 DAGs
[2026-01-01T14:27:24.875+0000] {logging_mixin.py:188} INFO - [2026-01-01T14:27:24.875+0000] {dag.py:3954} INFO - Setting next_dagrun for higiene_urbana_lisboa_etl to 2026-01-01 00:00:00+00:00, run_after=2026-01-02 00:00:00+00:00
[2026-01-01T14:27:24.894+0000] {processor.py:183} INFO - Processing /opt/airflow/dags/dag_higiene_lisboa.py took 0.107 seconds
[2026-01-01T14:27:55.023+0000] {processor.py:161} INFO - Started process (PID=598) to work on /opt/airflow/dags/dag_higiene_lisboa.py
[2026-01-01T14:27:55.029+0000] {processor.py:830} INFO - Processing file /opt/airflow/dags/dag_higiene_lisboa.py for tasks to queue
[2026-01-01T14:27:55.032+0000] {logging_mixin.py:188} INFO - [2026-01-01T14:27:55.031+0000] {dagbag.py:545} INFO - Filling up the DagBag from /opt/airflow/dags/dag_higiene_lisboa.py
[2026-01-01T14:27:55.045+0000] {processor.py:840} INFO - DAG(s) 'higiene_urbana_lisboa_etl' retrieved from /opt/airflow/dags/dag_higiene_lisboa.py
[2026-01-01T14:27:55.076+0000] {logging_mixin.py:188} INFO - [2026-01-01T14:27:55.076+0000] {dag.py:3096} INFO - Sync 1 DAGs
[2026-01-01T14:27:55.103+0000] {logging_mixin.py:188} INFO - [2026-01-01T14:27:55.103+0000] {dag.py:3954} INFO - Setting next_dagrun for higiene_urbana_lisboa_etl to 2026-01-01 00:00:00+00:00, run_after=2026-01-02 00:00:00+00:00
[2026-01-01T14:27:55.126+0000] {processor.py:183} INFO - Processing /opt/airflow/dags/dag_higiene_lisboa.py took 0.109 seconds
[2026-01-01T14:28:25.163+0000] {processor.py:161} INFO - Started process (PID=603) to work on /opt/airflow/dags/dag_higiene_lisboa.py
[2026-01-01T14:28:25.170+0000] {processor.py:830} INFO - Processing file /opt/airflow/dags/dag_higiene_lisboa.py for tasks to queue
[2026-01-01T14:28:25.172+0000] {logging_mixin.py:188} INFO - [2026-01-01T14:28:25.172+0000] {dagbag.py:545} INFO - Filling up the DagBag from /opt/airflow/dags/dag_higiene_lisboa.py
[2026-01-01T14:28:25.185+0000] {processor.py:840} INFO - DAG(s) 'higiene_urbana_lisboa_etl' retrieved from /opt/airflow/dags/dag_higiene_lisboa.py
[2026-01-01T14:28:25.216+0000] {logging_mixin.py:188} INFO - [2026-01-01T14:28:25.216+0000] {dag.py:3096} INFO - Sync 1 DAGs
[2026-01-01T14:28:25.242+0000] {logging_mixin.py:188} INFO - [2026-01-01T14:28:25.242+0000] {dag.py:3954} INFO - Setting next_dagrun for higiene_urbana_lisboa_etl to 2026-01-01 00:00:00+00:00, run_after=2026-01-02 00:00:00+00:00
[2026-01-01T14:28:25.266+0000] {processor.py:183} INFO - Processing /opt/airflow/dags/dag_higiene_lisboa.py took 0.109 seconds
[2026-01-01T14:28:55.408+0000] {processor.py:161} INFO - Started process (PID=608) to work on /opt/airflow/dags/dag_higiene_lisboa.py
[2026-01-01T14:28:55.437+0000] {processor.py:830} INFO - Processing file /opt/airflow/dags/dag_higiene_lisboa.py for tasks to queue
[2026-01-01T14:28:55.440+0000] {logging_mixin.py:188} INFO - [2026-01-01T14:28:55.439+0000] {dagbag.py:545} INFO - Filling up the DagBag from /opt/airflow/dags/dag_higiene_lisboa.py
[2026-01-01T14:28:55.453+0000] {processor.py:840} INFO - DAG(s) 'higiene_urbana_lisboa_etl' retrieved from /opt/airflow/dags/dag_higiene_lisboa.py
[2026-01-01T14:28:55.483+0000] {logging_mixin.py:188} INFO - [2026-01-01T14:28:55.483+0000] {dag.py:3096} INFO - Sync 1 DAGs
[2026-01-01T14:28:55.511+0000] {logging_mixin.py:188} INFO - [2026-01-01T14:28:55.511+0000] {dag.py:3954} INFO - Setting next_dagrun for higiene_urbana_lisboa_etl to 2026-01-01 00:00:00+00:00, run_after=2026-01-02 00:00:00+00:00
[2026-01-01T14:28:55.536+0000] {processor.py:183} INFO - Processing /opt/airflow/dags/dag_higiene_lisboa.py took 0.133 seconds
[2026-01-01T14:29:25.682+0000] {processor.py:161} INFO - Started process (PID=613) to work on /opt/airflow/dags/dag_higiene_lisboa.py
[2026-01-01T14:29:25.689+0000] {processor.py:830} INFO - Processing file /opt/airflow/dags/dag_higiene_lisboa.py for tasks to queue
[2026-01-01T14:29:25.692+0000] {logging_mixin.py:188} INFO - [2026-01-01T14:29:25.691+0000] {dagbag.py:545} INFO - Filling up the DagBag from /opt/airflow/dags/dag_higiene_lisboa.py
[2026-01-01T14:29:25.705+0000] {processor.py:840} INFO - DAG(s) 'higiene_urbana_lisboa_etl' retrieved from /opt/airflow/dags/dag_higiene_lisboa.py
[2026-01-01T14:29:25.736+0000] {logging_mixin.py:188} INFO - [2026-01-01T14:29:25.736+0000] {dag.py:3096} INFO - Sync 1 DAGs
[2026-01-01T14:29:25.763+0000] {logging_mixin.py:188} INFO - [2026-01-01T14:29:25.762+0000] {dag.py:3954} INFO - Setting next_dagrun for higiene_urbana_lisboa_etl to 2026-01-01 00:00:00+00:00, run_after=2026-01-02 00:00:00+00:00
[2026-01-01T14:29:25.788+0000] {processor.py:183} INFO - Processing /opt/airflow/dags/dag_higiene_lisboa.py took 0.111 seconds
[2026-01-01T14:29:55.937+0000] {processor.py:161} INFO - Started process (PID=618) to work on /opt/airflow/dags/dag_higiene_lisboa.py
[2026-01-01T14:29:55.944+0000] {processor.py:830} INFO - Processing file /opt/airflow/dags/dag_higiene_lisboa.py for tasks to queue
[2026-01-01T14:29:55.946+0000] {logging_mixin.py:188} INFO - [2026-01-01T14:29:55.946+0000] {dagbag.py:545} INFO - Filling up the DagBag from /opt/airflow/dags/dag_higiene_lisboa.py
[2026-01-01T14:29:55.959+0000] {processor.py:840} INFO - DAG(s) 'higiene_urbana_lisboa_etl' retrieved from /opt/airflow/dags/dag_higiene_lisboa.py
[2026-01-01T14:29:55.991+0000] {logging_mixin.py:188} INFO - [2026-01-01T14:29:55.991+0000] {dag.py:3096} INFO - Sync 1 DAGs
[2026-01-01T14:29:56.019+0000] {logging_mixin.py:188} INFO - [2026-01-01T14:29:56.019+0000] {dag.py:3954} INFO - Setting next_dagrun for higiene_urbana_lisboa_etl to 2026-01-01 00:00:00+00:00, run_after=2026-01-02 00:00:00+00:00
[2026-01-01T14:29:56.043+0000] {processor.py:183} INFO - Processing /opt/airflow/dags/dag_higiene_lisboa.py took 0.112 seconds
[2026-01-01T14:30:26.082+0000] {processor.py:161} INFO - Started process (PID=623) to work on /opt/airflow/dags/dag_higiene_lisboa.py
[2026-01-01T14:30:26.089+0000] {processor.py:830} INFO - Processing file /opt/airflow/dags/dag_higiene_lisboa.py for tasks to queue
[2026-01-01T14:30:26.091+0000] {logging_mixin.py:188} INFO - [2026-01-01T14:30:26.091+0000] {dagbag.py:545} INFO - Filling up the DagBag from /opt/airflow/dags/dag_higiene_lisboa.py
[2026-01-01T14:30:26.105+0000] {processor.py:840} INFO - DAG(s) 'higiene_urbana_lisboa_etl' retrieved from /opt/airflow/dags/dag_higiene_lisboa.py
[2026-01-01T14:30:26.137+0000] {logging_mixin.py:188} INFO - [2026-01-01T14:30:26.137+0000] {dag.py:3096} INFO - Sync 1 DAGs
[2026-01-01T14:30:26.165+0000] {logging_mixin.py:188} INFO - [2026-01-01T14:30:26.164+0000] {dag.py:3954} INFO - Setting next_dagrun for higiene_urbana_lisboa_etl to 2026-01-01 00:00:00+00:00, run_after=2026-01-02 00:00:00+00:00
[2026-01-01T14:30:26.187+0000] {processor.py:183} INFO - Processing /opt/airflow/dags/dag_higiene_lisboa.py took 0.111 seconds
[2026-01-01T14:30:56.337+0000] {processor.py:161} INFO - Started process (PID=628) to work on /opt/airflow/dags/dag_higiene_lisboa.py
[2026-01-01T14:30:56.339+0000] {processor.py:830} INFO - Processing file /opt/airflow/dags/dag_higiene_lisboa.py for tasks to queue
[2026-01-01T14:30:56.340+0000] {logging_mixin.py:188} INFO - [2026-01-01T14:30:56.340+0000] {dagbag.py:545} INFO - Filling up the DagBag from /opt/airflow/dags/dag_higiene_lisboa.py
[2026-01-01T14:30:56.354+0000] {processor.py:840} INFO - DAG(s) 'higiene_urbana_lisboa_etl' retrieved from /opt/airflow/dags/dag_higiene_lisboa.py
[2026-01-01T14:30:56.386+0000] {logging_mixin.py:188} INFO - [2026-01-01T14:30:56.386+0000] {dag.py:3096} INFO - Sync 1 DAGs
[2026-01-01T14:30:56.413+0000] {logging_mixin.py:188} INFO - [2026-01-01T14:30:56.413+0000] {dag.py:3954} INFO - Setting next_dagrun for higiene_urbana_lisboa_etl to 2026-01-01 00:00:00+00:00, run_after=2026-01-02 00:00:00+00:00
[2026-01-01T14:30:56.439+0000] {processor.py:183} INFO - Processing /opt/airflow/dags/dag_higiene_lisboa.py took 0.108 seconds
[2026-01-01T14:31:26.480+0000] {processor.py:161} INFO - Started process (PID=633) to work on /opt/airflow/dags/dag_higiene_lisboa.py
[2026-01-01T14:31:26.486+0000] {processor.py:830} INFO - Processing file /opt/airflow/dags/dag_higiene_lisboa.py for tasks to queue
[2026-01-01T14:31:26.489+0000] {logging_mixin.py:188} INFO - [2026-01-01T14:31:26.489+0000] {dagbag.py:545} INFO - Filling up the DagBag from /opt/airflow/dags/dag_higiene_lisboa.py
[2026-01-01T14:31:26.502+0000] {processor.py:840} INFO - DAG(s) 'higiene_urbana_lisboa_etl' retrieved from /opt/airflow/dags/dag_higiene_lisboa.py
[2026-01-01T14:31:26.533+0000] {logging_mixin.py:188} INFO - [2026-01-01T14:31:26.533+0000] {dag.py:3096} INFO - Sync 1 DAGs
[2026-01-01T14:31:26.561+0000] {logging_mixin.py:188} INFO - [2026-01-01T14:31:26.561+0000] {dag.py:3954} INFO - Setting next_dagrun for higiene_urbana_lisboa_etl to 2026-01-01 00:00:00+00:00, run_after=2026-01-02 00:00:00+00:00
[2026-01-01T14:31:26.586+0000] {processor.py:183} INFO - Processing /opt/airflow/dags/dag_higiene_lisboa.py took 0.112 seconds
[2026-01-01T14:31:56.717+0000] {processor.py:161} INFO - Started process (PID=638) to work on /opt/airflow/dags/dag_higiene_lisboa.py
[2026-01-01T14:31:56.729+0000] {processor.py:830} INFO - Processing file /opt/airflow/dags/dag_higiene_lisboa.py for tasks to queue
[2026-01-01T14:31:56.732+0000] {logging_mixin.py:188} INFO - [2026-01-01T14:31:56.731+0000] {dagbag.py:545} INFO - Filling up the DagBag from /opt/airflow/dags/dag_higiene_lisboa.py
[2026-01-01T14:31:56.745+0000] {processor.py:840} INFO - DAG(s) 'higiene_urbana_lisboa_etl' retrieved from /opt/airflow/dags/dag_higiene_lisboa.py
[2026-01-01T14:31:56.776+0000] {logging_mixin.py:188} INFO - [2026-01-01T14:31:56.775+0000] {dag.py:3096} INFO - Sync 1 DAGs
[2026-01-01T14:31:56.802+0000] {logging_mixin.py:188} INFO - [2026-01-01T14:31:56.801+0000] {dag.py:3954} INFO - Setting next_dagrun for higiene_urbana_lisboa_etl to 2026-01-01 00:00:00+00:00, run_after=2026-01-02 00:00:00+00:00
[2026-01-01T14:31:56.826+0000] {processor.py:183} INFO - Processing /opt/airflow/dags/dag_higiene_lisboa.py took 0.114 seconds
[2026-01-01T14:32:26.963+0000] {processor.py:161} INFO - Started process (PID=643) to work on /opt/airflow/dags/dag_higiene_lisboa.py
[2026-01-01T14:32:26.970+0000] {processor.py:830} INFO - Processing file /opt/airflow/dags/dag_higiene_lisboa.py for tasks to queue
[2026-01-01T14:32:26.972+0000] {logging_mixin.py:188} INFO - [2026-01-01T14:32:26.972+0000] {dagbag.py:545} INFO - Filling up the DagBag from /opt/airflow/dags/dag_higiene_lisboa.py
[2026-01-01T14:32:26.986+0000] {processor.py:840} INFO - DAG(s) 'higiene_urbana_lisboa_etl' retrieved from /opt/airflow/dags/dag_higiene_lisboa.py
[2026-01-01T14:32:27.017+0000] {logging_mixin.py:188} INFO - [2026-01-01T14:32:27.017+0000] {dag.py:3096} INFO - Sync 1 DAGs
[2026-01-01T14:32:27.044+0000] {logging_mixin.py:188} INFO - [2026-01-01T14:32:27.043+0000] {dag.py:3954} INFO - Setting next_dagrun for higiene_urbana_lisboa_etl to 2026-01-01 00:00:00+00:00, run_after=2026-01-02 00:00:00+00:00
[2026-01-01T14:32:27.064+0000] {processor.py:183} INFO - Processing /opt/airflow/dags/dag_higiene_lisboa.py took 0.108 seconds
[2026-01-01T14:32:57.211+0000] {processor.py:161} INFO - Started process (PID=648) to work on /opt/airflow/dags/dag_higiene_lisboa.py
[2026-01-01T14:32:57.216+0000] {processor.py:830} INFO - Processing file /opt/airflow/dags/dag_higiene_lisboa.py for tasks to queue
[2026-01-01T14:32:57.219+0000] {logging_mixin.py:188} INFO - [2026-01-01T14:32:57.219+0000] {dagbag.py:545} INFO - Filling up the DagBag from /opt/airflow/dags/dag_higiene_lisboa.py
[2026-01-01T14:32:57.234+0000] {processor.py:840} INFO - DAG(s) 'higiene_urbana_lisboa_etl' retrieved from /opt/airflow/dags/dag_higiene_lisboa.py
[2026-01-01T14:32:57.270+0000] {logging_mixin.py:188} INFO - [2026-01-01T14:32:57.269+0000] {dag.py:3096} INFO - Sync 1 DAGs
[2026-01-01T14:32:57.299+0000] {logging_mixin.py:188} INFO - [2026-01-01T14:32:57.299+0000] {dag.py:3954} INFO - Setting next_dagrun for higiene_urbana_lisboa_etl to 2026-01-01 00:00:00+00:00, run_after=2026-01-02 00:00:00+00:00
[2026-01-01T14:32:57.327+0000] {processor.py:183} INFO - Processing /opt/airflow/dags/dag_higiene_lisboa.py took 0.123 seconds
[2026-01-01T16:34:05.519+0000] {processor.py:161} INFO - Started process (PID=172) to work on /opt/airflow/dags/dag_higiene_lisboa.py
[2026-01-01T16:34:05.520+0000] {processor.py:830} INFO - Processing file /opt/airflow/dags/dag_higiene_lisboa.py for tasks to queue
[2026-01-01T16:34:05.522+0000] {logging_mixin.py:188} INFO - [2026-01-01T16:34:05.521+0000] {dagbag.py:545} INFO - Filling up the DagBag from /opt/airflow/dags/dag_higiene_lisboa.py
[2026-01-01T16:34:05.534+0000] {processor.py:840} INFO - DAG(s) 'higiene_urbana_lisboa_etl' retrieved from /opt/airflow/dags/dag_higiene_lisboa.py
[2026-01-01T16:34:05.557+0000] {logging_mixin.py:188} INFO - [2026-01-01T16:34:05.557+0000] {dag.py:3096} INFO - Sync 1 DAGs
[2026-01-01T16:34:05.579+0000] {logging_mixin.py:188} INFO - [2026-01-01T16:34:05.579+0000] {dag.py:3954} INFO - Setting next_dagrun for higiene_urbana_lisboa_etl to 2026-01-01 00:00:00+00:00, run_after=2026-01-02 00:00:00+00:00
[2026-01-01T16:34:05.599+0000] {processor.py:183} INFO - Processing /opt/airflow/dags/dag_higiene_lisboa.py took 0.085 seconds
[2026-01-01T16:34:35.686+0000] {processor.py:161} INFO - Started process (PID=178) to work on /opt/airflow/dags/dag_higiene_lisboa.py
[2026-01-01T16:34:35.693+0000] {processor.py:830} INFO - Processing file /opt/airflow/dags/dag_higiene_lisboa.py for tasks to queue
[2026-01-01T16:34:35.695+0000] {logging_mixin.py:188} INFO - [2026-01-01T16:34:35.695+0000] {dagbag.py:545} INFO - Filling up the DagBag from /opt/airflow/dags/dag_higiene_lisboa.py
[2026-01-01T16:34:35.704+0000] {processor.py:840} INFO - DAG(s) 'higiene_urbana_lisboa_etl' retrieved from /opt/airflow/dags/dag_higiene_lisboa.py
[2026-01-01T16:34:35.810+0000] {logging_mixin.py:188} INFO - [2026-01-01T16:34:35.810+0000] {dag.py:3096} INFO - Sync 1 DAGs
[2026-01-01T16:34:35.826+0000] {logging_mixin.py:188} INFO - [2026-01-01T16:34:35.826+0000] {dag.py:3954} INFO - Setting next_dagrun for higiene_urbana_lisboa_etl to 2026-01-01 00:00:00+00:00, run_after=2026-01-02 00:00:00+00:00
[2026-01-01T16:34:35.841+0000] {processor.py:183} INFO - Processing /opt/airflow/dags/dag_higiene_lisboa.py took 0.160 seconds
[2026-01-01T16:35:05.885+0000] {processor.py:161} INFO - Started process (PID=183) to work on /opt/airflow/dags/dag_higiene_lisboa.py
[2026-01-01T16:35:05.892+0000] {processor.py:830} INFO - Processing file /opt/airflow/dags/dag_higiene_lisboa.py for tasks to queue
[2026-01-01T16:35:05.894+0000] {logging_mixin.py:188} INFO - [2026-01-01T16:35:05.894+0000] {dagbag.py:545} INFO - Filling up the DagBag from /opt/airflow/dags/dag_higiene_lisboa.py
[2026-01-01T16:35:05.904+0000] {processor.py:840} INFO - DAG(s) 'higiene_urbana_lisboa_etl' retrieved from /opt/airflow/dags/dag_higiene_lisboa.py
[2026-01-01T16:35:05.928+0000] {logging_mixin.py:188} INFO - [2026-01-01T16:35:05.928+0000] {dag.py:3096} INFO - Sync 1 DAGs
[2026-01-01T16:35:05.947+0000] {logging_mixin.py:188} INFO - [2026-01-01T16:35:05.946+0000] {dag.py:3954} INFO - Setting next_dagrun for higiene_urbana_lisboa_etl to 2026-01-01 00:00:00+00:00, run_after=2026-01-02 00:00:00+00:00
[2026-01-01T16:35:05.961+0000] {processor.py:183} INFO - Processing /opt/airflow/dags/dag_higiene_lisboa.py took 0.080 seconds
[2026-01-01T16:35:36.122+0000] {processor.py:161} INFO - Started process (PID=188) to work on /opt/airflow/dags/dag_higiene_lisboa.py
[2026-01-01T16:35:36.128+0000] {processor.py:830} INFO - Processing file /opt/airflow/dags/dag_higiene_lisboa.py for tasks to queue
[2026-01-01T16:35:36.130+0000] {logging_mixin.py:188} INFO - [2026-01-01T16:35:36.130+0000] {dagbag.py:545} INFO - Filling up the DagBag from /opt/airflow/dags/dag_higiene_lisboa.py
[2026-01-01T16:35:36.139+0000] {processor.py:840} INFO - DAG(s) 'higiene_urbana_lisboa_etl' retrieved from /opt/airflow/dags/dag_higiene_lisboa.py
[2026-01-01T16:35:36.162+0000] {logging_mixin.py:188} INFO - [2026-01-01T16:35:36.162+0000] {dag.py:3096} INFO - Sync 1 DAGs
[2026-01-01T16:35:36.182+0000] {logging_mixin.py:188} INFO - [2026-01-01T16:35:36.181+0000] {dag.py:3954} INFO - Setting next_dagrun for higiene_urbana_lisboa_etl to 2026-01-01 00:00:00+00:00, run_after=2026-01-02 00:00:00+00:00
[2026-01-01T16:35:36.197+0000] {processor.py:183} INFO - Processing /opt/airflow/dags/dag_higiene_lisboa.py took 0.079 seconds
[2026-01-01T16:36:06.267+0000] {processor.py:161} INFO - Started process (PID=193) to work on /opt/airflow/dags/dag_higiene_lisboa.py
[2026-01-01T16:36:06.273+0000] {processor.py:830} INFO - Processing file /opt/airflow/dags/dag_higiene_lisboa.py for tasks to queue
[2026-01-01T16:36:06.275+0000] {logging_mixin.py:188} INFO - [2026-01-01T16:36:06.275+0000] {dagbag.py:545} INFO - Filling up the DagBag from /opt/airflow/dags/dag_higiene_lisboa.py
[2026-01-01T16:36:06.284+0000] {processor.py:840} INFO - DAG(s) 'higiene_urbana_lisboa_etl' retrieved from /opt/airflow/dags/dag_higiene_lisboa.py
[2026-01-01T16:36:06.308+0000] {logging_mixin.py:188} INFO - [2026-01-01T16:36:06.308+0000] {dag.py:3096} INFO - Sync 1 DAGs
[2026-01-01T16:36:06.326+0000] {logging_mixin.py:188} INFO - [2026-01-01T16:36:06.325+0000] {dag.py:3954} INFO - Setting next_dagrun for higiene_urbana_lisboa_etl to 2026-01-01 00:00:00+00:00, run_after=2026-01-02 00:00:00+00:00
[2026-01-01T16:36:06.343+0000] {processor.py:183} INFO - Processing /opt/airflow/dags/dag_higiene_lisboa.py took 0.081 seconds
[2026-01-01T16:36:36.453+0000] {processor.py:161} INFO - Started process (PID=198) to work on /opt/airflow/dags/dag_higiene_lisboa.py
[2026-01-01T16:36:36.454+0000] {processor.py:830} INFO - Processing file /opt/airflow/dags/dag_higiene_lisboa.py for tasks to queue
[2026-01-01T16:36:36.455+0000] {logging_mixin.py:188} INFO - [2026-01-01T16:36:36.455+0000] {dagbag.py:545} INFO - Filling up the DagBag from /opt/airflow/dags/dag_higiene_lisboa.py
[2026-01-01T16:36:36.467+0000] {processor.py:840} INFO - DAG(s) 'higiene_urbana_lisboa_etl' retrieved from /opt/airflow/dags/dag_higiene_lisboa.py
[2026-01-01T16:36:36.492+0000] {logging_mixin.py:188} INFO - [2026-01-01T16:36:36.491+0000] {dag.py:3096} INFO - Sync 1 DAGs
[2026-01-01T16:36:36.511+0000] {logging_mixin.py:188} INFO - [2026-01-01T16:36:36.511+0000] {dag.py:3954} INFO - Setting next_dagrun for higiene_urbana_lisboa_etl to 2026-01-01 00:00:00+00:00, run_after=2026-01-02 00:00:00+00:00
[2026-01-01T16:36:36.529+0000] {processor.py:183} INFO - Processing /opt/airflow/dags/dag_higiene_lisboa.py took 0.080 seconds
[2026-01-01T16:37:06.595+0000] {processor.py:161} INFO - Started process (PID=203) to work on /opt/airflow/dags/dag_higiene_lisboa.py
[2026-01-01T16:37:06.596+0000] {processor.py:830} INFO - Processing file /opt/airflow/dags/dag_higiene_lisboa.py for tasks to queue
[2026-01-01T16:37:06.598+0000] {logging_mixin.py:188} INFO - [2026-01-01T16:37:06.597+0000] {dagbag.py:545} INFO - Filling up the DagBag from /opt/airflow/dags/dag_higiene_lisboa.py
[2026-01-01T16:37:06.611+0000] {processor.py:840} INFO - DAG(s) 'higiene_urbana_lisboa_etl' retrieved from /opt/airflow/dags/dag_higiene_lisboa.py
[2026-01-01T16:37:06.636+0000] {logging_mixin.py:188} INFO - [2026-01-01T16:37:06.635+0000] {dag.py:3096} INFO - Sync 1 DAGs
[2026-01-01T16:37:06.655+0000] {logging_mixin.py:188} INFO - [2026-01-01T16:37:06.655+0000] {dag.py:3954} INFO - Setting next_dagrun for higiene_urbana_lisboa_etl to 2026-01-01 00:00:00+00:00, run_after=2026-01-02 00:00:00+00:00
[2026-01-01T16:37:06.670+0000] {processor.py:183} INFO - Processing /opt/airflow/dags/dag_higiene_lisboa.py took 0.080 seconds
[2026-01-01T16:37:36.799+0000] {processor.py:161} INFO - Started process (PID=290) to work on /opt/airflow/dags/dag_higiene_lisboa.py
[2026-01-01T16:37:36.800+0000] {processor.py:830} INFO - Processing file /opt/airflow/dags/dag_higiene_lisboa.py for tasks to queue
[2026-01-01T16:37:36.801+0000] {logging_mixin.py:188} INFO - [2026-01-01T16:37:36.801+0000] {dagbag.py:545} INFO - Filling up the DagBag from /opt/airflow/dags/dag_higiene_lisboa.py
[2026-01-01T16:37:36.811+0000] {processor.py:840} INFO - DAG(s) 'higiene_urbana_lisboa_etl' retrieved from /opt/airflow/dags/dag_higiene_lisboa.py
[2026-01-01T16:37:36.834+0000] {logging_mixin.py:188} INFO - [2026-01-01T16:37:36.833+0000] {dag.py:3096} INFO - Sync 1 DAGs
[2026-01-01T16:37:36.852+0000] {logging_mixin.py:188} INFO - [2026-01-01T16:37:36.852+0000] {dag.py:3954} INFO - Setting next_dagrun for higiene_urbana_lisboa_etl to 2026-01-01 00:00:00+00:00, run_after=2026-01-02 00:00:00+00:00
[2026-01-01T16:37:36.870+0000] {processor.py:183} INFO - Processing /opt/airflow/dags/dag_higiene_lisboa.py took 0.075 seconds
[2026-01-01T16:38:06.933+0000] {processor.py:161} INFO - Started process (PID=297) to work on /opt/airflow/dags/dag_higiene_lisboa.py
[2026-01-01T16:38:06.940+0000] {processor.py:830} INFO - Processing file /opt/airflow/dags/dag_higiene_lisboa.py for tasks to queue
[2026-01-01T16:38:06.941+0000] {logging_mixin.py:188} INFO - [2026-01-01T16:38:06.941+0000] {dagbag.py:545} INFO - Filling up the DagBag from /opt/airflow/dags/dag_higiene_lisboa.py
[2026-01-01T16:38:06.951+0000] {processor.py:840} INFO - DAG(s) 'higiene_urbana_lisboa_etl' retrieved from /opt/airflow/dags/dag_higiene_lisboa.py
[2026-01-01T16:38:06.975+0000] {logging_mixin.py:188} INFO - [2026-01-01T16:38:06.974+0000] {dag.py:3096} INFO - Sync 1 DAGs
[2026-01-01T16:38:06.993+0000] {logging_mixin.py:188} INFO - [2026-01-01T16:38:06.993+0000] {dag.py:3954} INFO - Setting next_dagrun for higiene_urbana_lisboa_etl to 2026-01-01 00:00:00+00:00, run_after=2026-01-02 00:00:00+00:00
[2026-01-01T16:38:07.012+0000] {processor.py:183} INFO - Processing /opt/airflow/dags/dag_higiene_lisboa.py took 0.082 seconds
[2026-01-01T16:38:37.121+0000] {processor.py:161} INFO - Started process (PID=302) to work on /opt/airflow/dags/dag_higiene_lisboa.py
[2026-01-01T16:38:37.128+0000] {processor.py:830} INFO - Processing file /opt/airflow/dags/dag_higiene_lisboa.py for tasks to queue
[2026-01-01T16:38:37.129+0000] {logging_mixin.py:188} INFO - [2026-01-01T16:38:37.129+0000] {dagbag.py:545} INFO - Filling up the DagBag from /opt/airflow/dags/dag_higiene_lisboa.py
[2026-01-01T16:38:37.139+0000] {processor.py:840} INFO - DAG(s) 'higiene_urbana_lisboa_etl' retrieved from /opt/airflow/dags/dag_higiene_lisboa.py
[2026-01-01T16:38:37.161+0000] {logging_mixin.py:188} INFO - [2026-01-01T16:38:37.161+0000] {dag.py:3096} INFO - Sync 1 DAGs
[2026-01-01T16:38:37.182+0000] {logging_mixin.py:188} INFO - [2026-01-01T16:38:37.182+0000] {dag.py:3954} INFO - Setting next_dagrun for higiene_urbana_lisboa_etl to 2026-01-01 00:00:00+00:00, run_after=2026-01-02 00:00:00+00:00
[2026-01-01T16:38:37.200+0000] {processor.py:183} INFO - Processing /opt/airflow/dags/dag_higiene_lisboa.py took 0.083 seconds
[2026-01-01T16:39:07.269+0000] {processor.py:161} INFO - Started process (PID=307) to work on /opt/airflow/dags/dag_higiene_lisboa.py
[2026-01-01T16:39:07.276+0000] {processor.py:830} INFO - Processing file /opt/airflow/dags/dag_higiene_lisboa.py for tasks to queue
[2026-01-01T16:39:07.278+0000] {logging_mixin.py:188} INFO - [2026-01-01T16:39:07.277+0000] {dagbag.py:545} INFO - Filling up the DagBag from /opt/airflow/dags/dag_higiene_lisboa.py
[2026-01-01T16:39:07.287+0000] {processor.py:840} INFO - DAG(s) 'higiene_urbana_lisboa_etl' retrieved from /opt/airflow/dags/dag_higiene_lisboa.py
[2026-01-01T16:39:07.310+0000] {logging_mixin.py:188} INFO - [2026-01-01T16:39:07.310+0000] {dag.py:3096} INFO - Sync 1 DAGs
[2026-01-01T16:39:07.329+0000] {logging_mixin.py:188} INFO - [2026-01-01T16:39:07.329+0000] {dag.py:3954} INFO - Setting next_dagrun for higiene_urbana_lisboa_etl to 2026-01-01 00:00:00+00:00, run_after=2026-01-02 00:00:00+00:00
[2026-01-01T16:39:07.344+0000] {processor.py:183} INFO - Processing /opt/airflow/dags/dag_higiene_lisboa.py took 0.079 seconds
[2026-01-01T16:39:37.455+0000] {processor.py:161} INFO - Started process (PID=350) to work on /opt/airflow/dags/dag_higiene_lisboa.py
[2026-01-01T16:39:37.462+0000] {processor.py:830} INFO - Processing file /opt/airflow/dags/dag_higiene_lisboa.py for tasks to queue
[2026-01-01T16:39:37.463+0000] {logging_mixin.py:188} INFO - [2026-01-01T16:39:37.463+0000] {dagbag.py:545} INFO - Filling up the DagBag from /opt/airflow/dags/dag_higiene_lisboa.py
[2026-01-01T16:39:37.473+0000] {processor.py:840} INFO - DAG(s) 'higiene_urbana_lisboa_etl' retrieved from /opt/airflow/dags/dag_higiene_lisboa.py
[2026-01-01T16:39:37.496+0000] {logging_mixin.py:188} INFO - [2026-01-01T16:39:37.496+0000] {dag.py:3096} INFO - Sync 1 DAGs
[2026-01-01T16:39:37.515+0000] {logging_mixin.py:188} INFO - [2026-01-01T16:39:37.515+0000] {dag.py:3954} INFO - Setting next_dagrun for higiene_urbana_lisboa_etl to 2026-01-01 00:00:00+00:00, run_after=2026-01-02 00:00:00+00:00
[2026-01-01T16:39:37.534+0000] {processor.py:183} INFO - Processing /opt/airflow/dags/dag_higiene_lisboa.py took 0.083 seconds
[2026-01-01T16:40:07.586+0000] {processor.py:161} INFO - Started process (PID=355) to work on /opt/airflow/dags/dag_higiene_lisboa.py
[2026-01-01T16:40:07.593+0000] {processor.py:830} INFO - Processing file /opt/airflow/dags/dag_higiene_lisboa.py for tasks to queue
[2026-01-01T16:40:07.594+0000] {logging_mixin.py:188} INFO - [2026-01-01T16:40:07.594+0000] {dagbag.py:545} INFO - Filling up the DagBag from /opt/airflow/dags/dag_higiene_lisboa.py
[2026-01-01T16:40:07.604+0000] {processor.py:840} INFO - DAG(s) 'higiene_urbana_lisboa_etl' retrieved from /opt/airflow/dags/dag_higiene_lisboa.py
[2026-01-01T16:40:07.628+0000] {logging_mixin.py:188} INFO - [2026-01-01T16:40:07.628+0000] {dag.py:3096} INFO - Sync 1 DAGs
[2026-01-01T16:40:07.648+0000] {logging_mixin.py:188} INFO - [2026-01-01T16:40:07.648+0000] {dag.py:3954} INFO - Setting next_dagrun for higiene_urbana_lisboa_etl to 2026-01-01 00:00:00+00:00, run_after=2026-01-02 00:00:00+00:00
[2026-01-01T16:40:07.666+0000] {processor.py:183} INFO - Processing /opt/airflow/dags/dag_higiene_lisboa.py took 0.085 seconds
[2026-01-01T16:40:37.776+0000] {processor.py:161} INFO - Started process (PID=360) to work on /opt/airflow/dags/dag_higiene_lisboa.py
[2026-01-01T16:40:37.783+0000] {processor.py:830} INFO - Processing file /opt/airflow/dags/dag_higiene_lisboa.py for tasks to queue
[2026-01-01T16:40:37.785+0000] {logging_mixin.py:188} INFO - [2026-01-01T16:40:37.784+0000] {dagbag.py:545} INFO - Filling up the DagBag from /opt/airflow/dags/dag_higiene_lisboa.py
[2026-01-01T16:40:37.795+0000] {processor.py:840} INFO - DAG(s) 'higiene_urbana_lisboa_etl' retrieved from /opt/airflow/dags/dag_higiene_lisboa.py
[2026-01-01T16:40:37.818+0000] {logging_mixin.py:188} INFO - [2026-01-01T16:40:37.818+0000] {dag.py:3096} INFO - Sync 1 DAGs
[2026-01-01T16:40:37.838+0000] {logging_mixin.py:188} INFO - [2026-01-01T16:40:37.838+0000] {dag.py:3954} INFO - Setting next_dagrun for higiene_urbana_lisboa_etl to 2026-01-01 00:00:00+00:00, run_after=2026-01-02 00:00:00+00:00
[2026-01-01T16:40:37.857+0000] {processor.py:183} INFO - Processing /opt/airflow/dags/dag_higiene_lisboa.py took 0.085 seconds
[2026-01-01T16:41:07.920+0000] {processor.py:161} INFO - Started process (PID=365) to work on /opt/airflow/dags/dag_higiene_lisboa.py
[2026-01-01T16:41:07.927+0000] {processor.py:830} INFO - Processing file /opt/airflow/dags/dag_higiene_lisboa.py for tasks to queue
[2026-01-01T16:41:07.928+0000] {logging_mixin.py:188} INFO - [2026-01-01T16:41:07.928+0000] {dagbag.py:545} INFO - Filling up the DagBag from /opt/airflow/dags/dag_higiene_lisboa.py
[2026-01-01T16:41:07.938+0000] {processor.py:840} INFO - DAG(s) 'higiene_urbana_lisboa_etl' retrieved from /opt/airflow/dags/dag_higiene_lisboa.py
[2026-01-01T16:41:07.961+0000] {logging_mixin.py:188} INFO - [2026-01-01T16:41:07.961+0000] {dag.py:3096} INFO - Sync 1 DAGs
[2026-01-01T16:41:07.980+0000] {logging_mixin.py:188} INFO - [2026-01-01T16:41:07.980+0000] {dag.py:3954} INFO - Setting next_dagrun for higiene_urbana_lisboa_etl to 2026-01-01 00:00:00+00:00, run_after=2026-01-02 00:00:00+00:00
[2026-01-01T16:41:07.997+0000] {processor.py:183} INFO - Processing /opt/airflow/dags/dag_higiene_lisboa.py took 0.081 seconds
[2026-01-01T16:41:38.100+0000] {processor.py:161} INFO - Started process (PID=370) to work on /opt/airflow/dags/dag_higiene_lisboa.py
[2026-01-01T16:41:38.106+0000] {processor.py:830} INFO - Processing file /opt/airflow/dags/dag_higiene_lisboa.py for tasks to queue
[2026-01-01T16:41:38.108+0000] {logging_mixin.py:188} INFO - [2026-01-01T16:41:38.108+0000] {dagbag.py:545} INFO - Filling up the DagBag from /opt/airflow/dags/dag_higiene_lisboa.py
[2026-01-01T16:41:38.117+0000] {processor.py:840} INFO - DAG(s) 'higiene_urbana_lisboa_etl' retrieved from /opt/airflow/dags/dag_higiene_lisboa.py
[2026-01-01T16:41:38.141+0000] {logging_mixin.py:188} INFO - [2026-01-01T16:41:38.141+0000] {dag.py:3096} INFO - Sync 1 DAGs
[2026-01-01T16:41:38.160+0000] {logging_mixin.py:188} INFO - [2026-01-01T16:41:38.160+0000] {dag.py:3954} INFO - Setting next_dagrun for higiene_urbana_lisboa_etl to 2026-01-01 00:00:00+00:00, run_after=2026-01-02 00:00:00+00:00
[2026-01-01T16:41:38.178+0000] {processor.py:183} INFO - Processing /opt/airflow/dags/dag_higiene_lisboa.py took 0.083 seconds
[2026-01-01T16:42:08.248+0000] {processor.py:161} INFO - Started process (PID=375) to work on /opt/airflow/dags/dag_higiene_lisboa.py
[2026-01-01T16:42:08.254+0000] {processor.py:830} INFO - Processing file /opt/airflow/dags/dag_higiene_lisboa.py for tasks to queue
[2026-01-01T16:42:08.256+0000] {logging_mixin.py:188} INFO - [2026-01-01T16:42:08.256+0000] {dagbag.py:545} INFO - Filling up the DagBag from /opt/airflow/dags/dag_higiene_lisboa.py
[2026-01-01T16:42:08.266+0000] {processor.py:840} INFO - DAG(s) 'higiene_urbana_lisboa_etl' retrieved from /opt/airflow/dags/dag_higiene_lisboa.py
[2026-01-01T16:42:08.291+0000] {logging_mixin.py:188} INFO - [2026-01-01T16:42:08.290+0000] {dag.py:3096} INFO - Sync 1 DAGs
[2026-01-01T16:42:08.309+0000] {logging_mixin.py:188} INFO - [2026-01-01T16:42:08.308+0000] {dag.py:3954} INFO - Setting next_dagrun for higiene_urbana_lisboa_etl to 2026-01-01 00:00:00+00:00, run_after=2026-01-02 00:00:00+00:00
[2026-01-01T16:42:08.328+0000] {processor.py:183} INFO - Processing /opt/airflow/dags/dag_higiene_lisboa.py took 0.084 seconds
[2026-01-01T16:42:38.434+0000] {processor.py:161} INFO - Started process (PID=380) to work on /opt/airflow/dags/dag_higiene_lisboa.py
[2026-01-01T16:42:38.440+0000] {processor.py:830} INFO - Processing file /opt/airflow/dags/dag_higiene_lisboa.py for tasks to queue
[2026-01-01T16:42:38.442+0000] {logging_mixin.py:188} INFO - [2026-01-01T16:42:38.441+0000] {dagbag.py:545} INFO - Filling up the DagBag from /opt/airflow/dags/dag_higiene_lisboa.py
[2026-01-01T16:42:38.453+0000] {processor.py:840} INFO - DAG(s) 'higiene_urbana_lisboa_etl' retrieved from /opt/airflow/dags/dag_higiene_lisboa.py
[2026-01-01T16:42:38.480+0000] {logging_mixin.py:188} INFO - [2026-01-01T16:42:38.479+0000] {dag.py:3096} INFO - Sync 1 DAGs
[2026-01-01T16:42:38.503+0000] {logging_mixin.py:188} INFO - [2026-01-01T16:42:38.503+0000] {dag.py:3954} INFO - Setting next_dagrun for higiene_urbana_lisboa_etl to 2026-01-01 00:00:00+00:00, run_after=2026-01-02 00:00:00+00:00
[2026-01-01T16:42:38.521+0000] {processor.py:183} INFO - Processing /opt/airflow/dags/dag_higiene_lisboa.py took 0.093 seconds
[2026-01-01T16:43:08.580+0000] {processor.py:161} INFO - Started process (PID=385) to work on /opt/airflow/dags/dag_higiene_lisboa.py
[2026-01-01T16:43:08.586+0000] {processor.py:830} INFO - Processing file /opt/airflow/dags/dag_higiene_lisboa.py for tasks to queue
[2026-01-01T16:43:08.588+0000] {logging_mixin.py:188} INFO - [2026-01-01T16:43:08.588+0000] {dagbag.py:545} INFO - Filling up the DagBag from /opt/airflow/dags/dag_higiene_lisboa.py
[2026-01-01T16:43:08.598+0000] {processor.py:840} INFO - DAG(s) 'higiene_urbana_lisboa_etl' retrieved from /opt/airflow/dags/dag_higiene_lisboa.py
[2026-01-01T16:43:08.622+0000] {logging_mixin.py:188} INFO - [2026-01-01T16:43:08.622+0000] {dag.py:3096} INFO - Sync 1 DAGs
[2026-01-01T16:43:08.642+0000] {logging_mixin.py:188} INFO - [2026-01-01T16:43:08.642+0000] {dag.py:3954} INFO - Setting next_dagrun for higiene_urbana_lisboa_etl to 2026-01-01 00:00:00+00:00, run_after=2026-01-02 00:00:00+00:00
[2026-01-01T16:43:08.661+0000] {processor.py:183} INFO - Processing /opt/airflow/dags/dag_higiene_lisboa.py took 0.086 seconds
[2026-01-01T16:43:38.784+0000] {processor.py:161} INFO - Started process (PID=447) to work on /opt/airflow/dags/dag_higiene_lisboa.py
[2026-01-01T16:43:38.790+0000] {processor.py:830} INFO - Processing file /opt/airflow/dags/dag_higiene_lisboa.py for tasks to queue
[2026-01-01T16:43:38.792+0000] {logging_mixin.py:188} INFO - [2026-01-01T16:43:38.792+0000] {dagbag.py:545} INFO - Filling up the DagBag from /opt/airflow/dags/dag_higiene_lisboa.py
[2026-01-01T16:43:38.802+0000] {processor.py:840} INFO - DAG(s) 'higiene_urbana_lisboa_etl' retrieved from /opt/airflow/dags/dag_higiene_lisboa.py
[2026-01-01T16:43:38.825+0000] {logging_mixin.py:188} INFO - [2026-01-01T16:43:38.825+0000] {dag.py:3096} INFO - Sync 1 DAGs
[2026-01-01T16:43:38.845+0000] {logging_mixin.py:188} INFO - [2026-01-01T16:43:38.844+0000] {dag.py:3954} INFO - Setting next_dagrun for higiene_urbana_lisboa_etl to 2026-01-01 00:00:00+00:00, run_after=2026-01-02 00:00:00+00:00
[2026-01-01T16:43:38.864+0000] {processor.py:183} INFO - Processing /opt/airflow/dags/dag_higiene_lisboa.py took 0.085 seconds
[2026-01-01T16:44:08.942+0000] {processor.py:161} INFO - Started process (PID=452) to work on /opt/airflow/dags/dag_higiene_lisboa.py
[2026-01-01T16:44:08.948+0000] {processor.py:830} INFO - Processing file /opt/airflow/dags/dag_higiene_lisboa.py for tasks to queue
[2026-01-01T16:44:08.950+0000] {logging_mixin.py:188} INFO - [2026-01-01T16:44:08.950+0000] {dagbag.py:545} INFO - Filling up the DagBag from /opt/airflow/dags/dag_higiene_lisboa.py
[2026-01-01T16:44:08.960+0000] {processor.py:840} INFO - DAG(s) 'higiene_urbana_lisboa_etl' retrieved from /opt/airflow/dags/dag_higiene_lisboa.py
[2026-01-01T16:44:08.984+0000] {logging_mixin.py:188} INFO - [2026-01-01T16:44:08.984+0000] {dag.py:3096} INFO - Sync 1 DAGs
[2026-01-01T16:44:09.004+0000] {logging_mixin.py:188} INFO - [2026-01-01T16:44:09.004+0000] {dag.py:3954} INFO - Setting next_dagrun for higiene_urbana_lisboa_etl to 2026-01-01 00:00:00+00:00, run_after=2026-01-02 00:00:00+00:00
[2026-01-01T16:44:09.019+0000] {processor.py:183} INFO - Processing /opt/airflow/dags/dag_higiene_lisboa.py took 0.082 seconds
[2026-01-01T16:44:39.137+0000] {processor.py:161} INFO - Started process (PID=457) to work on /opt/airflow/dags/dag_higiene_lisboa.py
[2026-01-01T16:44:39.143+0000] {processor.py:830} INFO - Processing file /opt/airflow/dags/dag_higiene_lisboa.py for tasks to queue
[2026-01-01T16:44:39.145+0000] {logging_mixin.py:188} INFO - [2026-01-01T16:44:39.145+0000] {dagbag.py:545} INFO - Filling up the DagBag from /opt/airflow/dags/dag_higiene_lisboa.py
[2026-01-01T16:44:39.155+0000] {processor.py:840} INFO - DAG(s) 'higiene_urbana_lisboa_etl' retrieved from /opt/airflow/dags/dag_higiene_lisboa.py
[2026-01-01T16:44:39.178+0000] {logging_mixin.py:188} INFO - [2026-01-01T16:44:39.178+0000] {dag.py:3096} INFO - Sync 1 DAGs
[2026-01-01T16:44:39.196+0000] {logging_mixin.py:188} INFO - [2026-01-01T16:44:39.196+0000] {dag.py:3954} INFO - Setting next_dagrun for higiene_urbana_lisboa_etl to 2026-01-01 00:00:00+00:00, run_after=2026-01-02 00:00:00+00:00
[2026-01-01T16:44:39.212+0000] {processor.py:183} INFO - Processing /opt/airflow/dags/dag_higiene_lisboa.py took 0.080 seconds
[2026-01-01T16:45:09.282+0000] {processor.py:161} INFO - Started process (PID=462) to work on /opt/airflow/dags/dag_higiene_lisboa.py
[2026-01-01T16:45:09.283+0000] {processor.py:830} INFO - Processing file /opt/airflow/dags/dag_higiene_lisboa.py for tasks to queue
[2026-01-01T16:45:09.284+0000] {logging_mixin.py:188} INFO - [2026-01-01T16:45:09.284+0000] {dagbag.py:545} INFO - Filling up the DagBag from /opt/airflow/dags/dag_higiene_lisboa.py
[2026-01-01T16:45:09.294+0000] {processor.py:840} INFO - DAG(s) 'higiene_urbana_lisboa_etl' retrieved from /opt/airflow/dags/dag_higiene_lisboa.py
[2026-01-01T16:45:09.318+0000] {logging_mixin.py:188} INFO - [2026-01-01T16:45:09.317+0000] {dag.py:3096} INFO - Sync 1 DAGs
[2026-01-01T16:45:09.337+0000] {logging_mixin.py:188} INFO - [2026-01-01T16:45:09.336+0000] {dag.py:3954} INFO - Setting next_dagrun for higiene_urbana_lisboa_etl to 2026-01-01 00:00:00+00:00, run_after=2026-01-02 00:00:00+00:00
[2026-01-01T16:45:09.353+0000] {processor.py:183} INFO - Processing /opt/airflow/dags/dag_higiene_lisboa.py took 0.075 seconds
[2026-01-01T16:45:39.478+0000] {processor.py:161} INFO - Started process (PID=467) to work on /opt/airflow/dags/dag_higiene_lisboa.py
[2026-01-01T16:45:39.485+0000] {processor.py:830} INFO - Processing file /opt/airflow/dags/dag_higiene_lisboa.py for tasks to queue
[2026-01-01T16:45:39.486+0000] {logging_mixin.py:188} INFO - [2026-01-01T16:45:39.486+0000] {dagbag.py:545} INFO - Filling up the DagBag from /opt/airflow/dags/dag_higiene_lisboa.py
[2026-01-01T16:45:39.496+0000] {processor.py:840} INFO - DAG(s) 'higiene_urbana_lisboa_etl' retrieved from /opt/airflow/dags/dag_higiene_lisboa.py
[2026-01-01T16:45:39.519+0000] {logging_mixin.py:188} INFO - [2026-01-01T16:45:39.519+0000] {dag.py:3096} INFO - Sync 1 DAGs
[2026-01-01T16:45:39.539+0000] {logging_mixin.py:188} INFO - [2026-01-01T16:45:39.539+0000] {dag.py:3954} INFO - Setting next_dagrun for higiene_urbana_lisboa_etl to 2026-01-01 00:00:00+00:00, run_after=2026-01-02 00:00:00+00:00
[2026-01-01T16:45:39.556+0000] {processor.py:183} INFO - Processing /opt/airflow/dags/dag_higiene_lisboa.py took 0.082 seconds
[2026-01-01T16:46:09.626+0000] {processor.py:161} INFO - Started process (PID=472) to work on /opt/airflow/dags/dag_higiene_lisboa.py
[2026-01-01T16:46:09.632+0000] {processor.py:830} INFO - Processing file /opt/airflow/dags/dag_higiene_lisboa.py for tasks to queue
[2026-01-01T16:46:09.635+0000] {logging_mixin.py:188} INFO - [2026-01-01T16:46:09.634+0000] {dagbag.py:545} INFO - Filling up the DagBag from /opt/airflow/dags/dag_higiene_lisboa.py
[2026-01-01T16:46:09.644+0000] {processor.py:840} INFO - DAG(s) 'higiene_urbana_lisboa_etl' retrieved from /opt/airflow/dags/dag_higiene_lisboa.py
[2026-01-01T16:46:09.670+0000] {logging_mixin.py:188} INFO - [2026-01-01T16:46:09.670+0000] {dag.py:3096} INFO - Sync 1 DAGs
[2026-01-01T16:46:09.689+0000] {logging_mixin.py:188} INFO - [2026-01-01T16:46:09.689+0000] {dag.py:3954} INFO - Setting next_dagrun for higiene_urbana_lisboa_etl to 2026-01-01 00:00:00+00:00, run_after=2026-01-02 00:00:00+00:00
[2026-01-01T16:46:09.708+0000] {processor.py:183} INFO - Processing /opt/airflow/dags/dag_higiene_lisboa.py took 0.087 seconds
[2026-01-01T16:46:39.819+0000] {processor.py:161} INFO - Started process (PID=478) to work on /opt/airflow/dags/dag_higiene_lisboa.py
[2026-01-01T16:46:39.826+0000] {processor.py:830} INFO - Processing file /opt/airflow/dags/dag_higiene_lisboa.py for tasks to queue
[2026-01-01T16:46:39.827+0000] {logging_mixin.py:188} INFO - [2026-01-01T16:46:39.827+0000] {dagbag.py:545} INFO - Filling up the DagBag from /opt/airflow/dags/dag_higiene_lisboa.py
[2026-01-01T16:46:39.837+0000] {processor.py:840} INFO - DAG(s) 'higiene_urbana_lisboa_etl' retrieved from /opt/airflow/dags/dag_higiene_lisboa.py
[2026-01-01T16:46:39.862+0000] {logging_mixin.py:188} INFO - [2026-01-01T16:46:39.862+0000] {dag.py:3096} INFO - Sync 1 DAGs
[2026-01-01T16:46:39.882+0000] {logging_mixin.py:188} INFO - [2026-01-01T16:46:39.882+0000] {dag.py:3954} INFO - Setting next_dagrun for higiene_urbana_lisboa_etl to 2026-01-01 00:00:00+00:00, run_after=2026-01-02 00:00:00+00:00
[2026-01-01T16:46:39.898+0000] {processor.py:183} INFO - Processing /opt/airflow/dags/dag_higiene_lisboa.py took 0.084 seconds
[2026-01-01T16:47:09.961+0000] {processor.py:161} INFO - Started process (PID=531) to work on /opt/airflow/dags/dag_higiene_lisboa.py
[2026-01-01T16:47:09.967+0000] {processor.py:830} INFO - Processing file /opt/airflow/dags/dag_higiene_lisboa.py for tasks to queue
[2026-01-01T16:47:09.969+0000] {logging_mixin.py:188} INFO - [2026-01-01T16:47:09.968+0000] {dagbag.py:545} INFO - Filling up the DagBag from /opt/airflow/dags/dag_higiene_lisboa.py
[2026-01-01T16:47:09.979+0000] {processor.py:840} INFO - DAG(s) 'higiene_urbana_lisboa_etl' retrieved from /opt/airflow/dags/dag_higiene_lisboa.py
[2026-01-01T16:47:10.004+0000] {logging_mixin.py:188} INFO - [2026-01-01T16:47:10.004+0000] {dag.py:3096} INFO - Sync 1 DAGs
[2026-01-01T16:47:10.023+0000] {logging_mixin.py:188} INFO - [2026-01-01T16:47:10.022+0000] {dag.py:3954} INFO - Setting next_dagrun for higiene_urbana_lisboa_etl to 2026-01-01 00:00:00+00:00, run_after=2026-01-02 00:00:00+00:00
[2026-01-01T16:47:10.042+0000] {processor.py:183} INFO - Processing /opt/airflow/dags/dag_higiene_lisboa.py took 0.085 seconds
[2026-01-01T16:47:40.163+0000] {processor.py:161} INFO - Started process (PID=536) to work on /opt/airflow/dags/dag_higiene_lisboa.py
[2026-01-01T16:47:40.170+0000] {processor.py:830} INFO - Processing file /opt/airflow/dags/dag_higiene_lisboa.py for tasks to queue
[2026-01-01T16:47:40.172+0000] {logging_mixin.py:188} INFO - [2026-01-01T16:47:40.172+0000] {dagbag.py:545} INFO - Filling up the DagBag from /opt/airflow/dags/dag_higiene_lisboa.py
[2026-01-01T16:47:40.183+0000] {processor.py:840} INFO - DAG(s) 'higiene_urbana_lisboa_etl' retrieved from /opt/airflow/dags/dag_higiene_lisboa.py
[2026-01-01T16:47:40.208+0000] {logging_mixin.py:188} INFO - [2026-01-01T16:47:40.208+0000] {dag.py:3096} INFO - Sync 1 DAGs
[2026-01-01T16:47:40.227+0000] {logging_mixin.py:188} INFO - [2026-01-01T16:47:40.227+0000] {dag.py:3954} INFO - Setting next_dagrun for higiene_urbana_lisboa_etl to 2026-01-01 00:00:00+00:00, run_after=2026-01-02 00:00:00+00:00
[2026-01-01T16:47:40.243+0000] {processor.py:183} INFO - Processing /opt/airflow/dags/dag_higiene_lisboa.py took 0.084 seconds
[2026-01-01T16:48:10.318+0000] {processor.py:161} INFO - Started process (PID=623) to work on /opt/airflow/dags/dag_higiene_lisboa.py
[2026-01-01T16:48:10.319+0000] {processor.py:830} INFO - Processing file /opt/airflow/dags/dag_higiene_lisboa.py for tasks to queue
[2026-01-01T16:48:10.322+0000] {logging_mixin.py:188} INFO - [2026-01-01T16:48:10.322+0000] {dagbag.py:545} INFO - Filling up the DagBag from /opt/airflow/dags/dag_higiene_lisboa.py
[2026-01-01T16:48:10.343+0000] {processor.py:840} INFO - DAG(s) 'higiene_urbana_lisboa_etl' retrieved from /opt/airflow/dags/dag_higiene_lisboa.py
[2026-01-01T16:48:10.380+0000] {logging_mixin.py:188} INFO - [2026-01-01T16:48:10.380+0000] {dag.py:3096} INFO - Sync 1 DAGs
[2026-01-01T16:48:10.405+0000] {logging_mixin.py:188} INFO - [2026-01-01T16:48:10.404+0000] {dag.py:3954} INFO - Setting next_dagrun for higiene_urbana_lisboa_etl to 2026-01-01 00:00:00+00:00, run_after=2026-01-02 00:00:00+00:00
[2026-01-01T16:48:10.422+0000] {processor.py:183} INFO - Processing /opt/airflow/dags/dag_higiene_lisboa.py took 0.117 seconds
[2026-01-01T16:48:40.490+0000] {processor.py:161} INFO - Started process (PID=630) to work on /opt/airflow/dags/dag_higiene_lisboa.py
[2026-01-01T16:48:40.496+0000] {processor.py:830} INFO - Processing file /opt/airflow/dags/dag_higiene_lisboa.py for tasks to queue
[2026-01-01T16:48:40.499+0000] {logging_mixin.py:188} INFO - [2026-01-01T16:48:40.499+0000] {dagbag.py:545} INFO - Filling up the DagBag from /opt/airflow/dags/dag_higiene_lisboa.py
[2026-01-01T16:48:40.511+0000] {processor.py:840} INFO - DAG(s) 'higiene_urbana_lisboa_etl' retrieved from /opt/airflow/dags/dag_higiene_lisboa.py
[2026-01-01T16:48:40.538+0000] {logging_mixin.py:188} INFO - [2026-01-01T16:48:40.538+0000] {dag.py:3096} INFO - Sync 1 DAGs
[2026-01-01T16:48:40.558+0000] {logging_mixin.py:188} INFO - [2026-01-01T16:48:40.558+0000] {dag.py:3954} INFO - Setting next_dagrun for higiene_urbana_lisboa_etl to 2026-01-01 00:00:00+00:00, run_after=2026-01-02 00:00:00+00:00
[2026-01-01T16:48:40.578+0000] {processor.py:183} INFO - Processing /opt/airflow/dags/dag_higiene_lisboa.py took 0.093 seconds
[2026-01-01T16:49:10.692+0000] {processor.py:161} INFO - Started process (PID=635) to work on /opt/airflow/dags/dag_higiene_lisboa.py
[2026-01-01T16:49:10.699+0000] {processor.py:830} INFO - Processing file /opt/airflow/dags/dag_higiene_lisboa.py for tasks to queue
[2026-01-01T16:49:10.701+0000] {logging_mixin.py:188} INFO - [2026-01-01T16:49:10.700+0000] {dagbag.py:545} INFO - Filling up the DagBag from /opt/airflow/dags/dag_higiene_lisboa.py
[2026-01-01T16:49:10.714+0000] {processor.py:840} INFO - DAG(s) 'higiene_urbana_lisboa_etl' retrieved from /opt/airflow/dags/dag_higiene_lisboa.py
[2026-01-01T16:49:10.738+0000] {logging_mixin.py:188} INFO - [2026-01-01T16:49:10.738+0000] {dag.py:3096} INFO - Sync 1 DAGs
[2026-01-01T16:49:10.758+0000] {logging_mixin.py:188} INFO - [2026-01-01T16:49:10.758+0000] {dag.py:3954} INFO - Setting next_dagrun for higiene_urbana_lisboa_etl to 2026-01-01 00:00:00+00:00, run_after=2026-01-02 00:00:00+00:00
[2026-01-01T16:49:10.777+0000] {processor.py:183} INFO - Processing /opt/airflow/dags/dag_higiene_lisboa.py took 0.092 seconds
[2026-01-01T16:49:40.828+0000] {processor.py:161} INFO - Started process (PID=640) to work on /opt/airflow/dags/dag_higiene_lisboa.py
[2026-01-01T16:49:40.834+0000] {processor.py:830} INFO - Processing file /opt/airflow/dags/dag_higiene_lisboa.py for tasks to queue
[2026-01-01T16:49:40.836+0000] {logging_mixin.py:188} INFO - [2026-01-01T16:49:40.836+0000] {dagbag.py:545} INFO - Filling up the DagBag from /opt/airflow/dags/dag_higiene_lisboa.py
[2026-01-01T16:49:40.847+0000] {processor.py:840} INFO - DAG(s) 'higiene_urbana_lisboa_etl' retrieved from /opt/airflow/dags/dag_higiene_lisboa.py
[2026-01-01T16:49:40.873+0000] {logging_mixin.py:188} INFO - [2026-01-01T16:49:40.873+0000] {dag.py:3096} INFO - Sync 1 DAGs
[2026-01-01T16:49:40.893+0000] {logging_mixin.py:188} INFO - [2026-01-01T16:49:40.892+0000] {dag.py:3954} INFO - Setting next_dagrun for higiene_urbana_lisboa_etl to 2026-01-01 00:00:00+00:00, run_after=2026-01-02 00:00:00+00:00
[2026-01-01T16:49:40.911+0000] {processor.py:183} INFO - Processing /opt/airflow/dags/dag_higiene_lisboa.py took 0.089 seconds
[2026-01-01T16:50:11.037+0000] {processor.py:161} INFO - Started process (PID=685) to work on /opt/airflow/dags/dag_higiene_lisboa.py
[2026-01-01T16:50:11.186+0000] {processor.py:830} INFO - Processing file /opt/airflow/dags/dag_higiene_lisboa.py for tasks to queue
[2026-01-01T16:50:11.188+0000] {logging_mixin.py:188} INFO - [2026-01-01T16:50:11.188+0000] {dagbag.py:545} INFO - Filling up the DagBag from /opt/airflow/dags/dag_higiene_lisboa.py
[2026-01-01T16:50:11.202+0000] {processor.py:840} INFO - DAG(s) 'higiene_urbana_lisboa_etl' retrieved from /opt/airflow/dags/dag_higiene_lisboa.py
[2026-01-01T16:50:11.227+0000] {logging_mixin.py:188} INFO - [2026-01-01T16:50:11.227+0000] {dag.py:3096} INFO - Sync 1 DAGs
[2026-01-01T16:50:11.246+0000] {logging_mixin.py:188} INFO - [2026-01-01T16:50:11.246+0000] {dag.py:3954} INFO - Setting next_dagrun for higiene_urbana_lisboa_etl to 2026-01-01 00:00:00+00:00, run_after=2026-01-02 00:00:00+00:00
[2026-01-01T16:50:11.265+0000] {processor.py:183} INFO - Processing /opt/airflow/dags/dag_higiene_lisboa.py took 0.233 seconds
[2026-01-01T16:50:41.391+0000] {processor.py:161} INFO - Started process (PID=798) to work on /opt/airflow/dags/dag_higiene_lisboa.py
[2026-01-01T16:50:41.392+0000] {processor.py:830} INFO - Processing file /opt/airflow/dags/dag_higiene_lisboa.py for tasks to queue
[2026-01-01T16:50:41.394+0000] {logging_mixin.py:188} INFO - [2026-01-01T16:50:41.393+0000] {dagbag.py:545} INFO - Filling up the DagBag from /opt/airflow/dags/dag_higiene_lisboa.py
[2026-01-01T16:50:41.404+0000] {processor.py:840} INFO - DAG(s) 'higiene_urbana_lisboa_etl' retrieved from /opt/airflow/dags/dag_higiene_lisboa.py
[2026-01-01T16:50:41.429+0000] {logging_mixin.py:188} INFO - [2026-01-01T16:50:41.429+0000] {dag.py:3096} INFO - Sync 1 DAGs
[2026-01-01T16:50:41.449+0000] {logging_mixin.py:188} INFO - [2026-01-01T16:50:41.448+0000] {dag.py:3954} INFO - Setting next_dagrun for higiene_urbana_lisboa_etl to 2026-01-01 00:00:00+00:00, run_after=2026-01-02 00:00:00+00:00
[2026-01-01T16:50:41.473+0000] {processor.py:183} INFO - Processing /opt/airflow/dags/dag_higiene_lisboa.py took 0.086 seconds
[2026-01-01T16:51:11.523+0000] {processor.py:161} INFO - Started process (PID=803) to work on /opt/airflow/dags/dag_higiene_lisboa.py
[2026-01-01T16:51:11.524+0000] {processor.py:830} INFO - Processing file /opt/airflow/dags/dag_higiene_lisboa.py for tasks to queue
[2026-01-01T16:51:11.525+0000] {logging_mixin.py:188} INFO - [2026-01-01T16:51:11.525+0000] {dagbag.py:545} INFO - Filling up the DagBag from /opt/airflow/dags/dag_higiene_lisboa.py
[2026-01-01T16:51:11.536+0000] {processor.py:840} INFO - DAG(s) 'higiene_urbana_lisboa_etl' retrieved from /opt/airflow/dags/dag_higiene_lisboa.py
[2026-01-01T16:51:11.561+0000] {logging_mixin.py:188} INFO - [2026-01-01T16:51:11.561+0000] {dag.py:3096} INFO - Sync 1 DAGs
[2026-01-01T16:51:11.579+0000] {logging_mixin.py:188} INFO - [2026-01-01T16:51:11.579+0000] {dag.py:3954} INFO - Setting next_dagrun for higiene_urbana_lisboa_etl to 2026-01-01 00:00:00+00:00, run_after=2026-01-02 00:00:00+00:00
[2026-01-01T16:51:11.598+0000] {processor.py:183} INFO - Processing /opt/airflow/dags/dag_higiene_lisboa.py took 0.080 seconds
