[2026-01-01T16:46:39.802+0000] {local_task_job_runner.py:120} INFO - ::group::Pre task execution logs
[2026-01-01T16:46:39.833+0000] {taskinstance.py:2076} INFO - Dependencies all met for dep_context=non-requeueable deps ti=<TaskInstance: higiene_urbana_lisboa_etl.gold_analytics manual__2026-01-01T16:37:13.356582+00:00 [queued]>
[2026-01-01T16:46:39.842+0000] {taskinstance.py:2076} INFO - Dependencies all met for dep_context=requeueable deps ti=<TaskInstance: higiene_urbana_lisboa_etl.gold_analytics manual__2026-01-01T16:37:13.356582+00:00 [queued]>
[2026-01-01T16:46:39.842+0000] {taskinstance.py:2306} INFO - Starting attempt 1 of 2
[2026-01-01T16:46:39.852+0000] {taskinstance.py:2330} INFO - Executing <Task(BashOperator): gold_analytics> on 2026-01-01 16:37:13.356582+00:00
[2026-01-01T16:46:39.861+0000] {logging_mixin.py:188} WARNING - /home/***/.local/lib/python3.12/site-packages/***/task/task_runner/standard_task_runner.py:61 DeprecationWarning: This process (pid=477) is multi-threaded, use of fork() may lead to deadlocks in the child.
[2026-01-01T16:46:39.862+0000] {standard_task_runner.py:63} INFO - Started process 481 to run task
[2026-01-01T16:46:39.861+0000] {standard_task_runner.py:90} INFO - Running: ['***', 'tasks', 'run', 'higiene_urbana_lisboa_etl', 'gold_analytics', 'manual__2026-01-01T16:37:13.356582+00:00', '--job-id', '158', '--raw', '--subdir', 'DAGS_FOLDER/dag_higiene_lisboa.py', '--cfg-path', '/tmp/tmpsz53joy5']
[2026-01-01T16:46:39.862+0000] {standard_task_runner.py:91} INFO - Job 158: Subtask gold_analytics
[2026-01-01T16:46:39.875+0000] {logging_mixin.py:188} WARNING - /home/***/.local/lib/python3.12/site-packages/***/settings.py:195 DeprecationWarning: The sql_alchemy_conn option in [core] has been moved to the sql_alchemy_conn option in [database] - the old setting has been used, but please update your config.
[2026-01-01T16:46:39.905+0000] {task_command.py:426} INFO - Running <TaskInstance: higiene_urbana_lisboa_etl.gold_analytics manual__2026-01-01T16:37:13.356582+00:00 [running]> on host 8216b447db0d
[2026-01-01T16:46:39.984+0000] {taskinstance.py:2648} INFO - Exporting env vars: AIRFLOW_CTX_DAG_OWNER='grupo10' AIRFLOW_CTX_DAG_ID='higiene_urbana_lisboa_etl' AIRFLOW_CTX_TASK_ID='gold_analytics' AIRFLOW_CTX_EXECUTION_DATE='2026-01-01T16:37:13.356582+00:00' AIRFLOW_CTX_TRY_NUMBER='1' AIRFLOW_CTX_DAG_RUN_ID='manual__2026-01-01T16:37:13.356582+00:00'
[2026-01-01T16:46:39.984+0000] {taskinstance.py:430} INFO - ::endgroup::
[2026-01-01T16:46:39.995+0000] {subprocess.py:63} INFO - Tmp dir root location: /tmp
[2026-01-01T16:46:39.995+0000] {subprocess.py:75} INFO - Running command: ['/usr/bin/bash', '-c', 'python etl_gold.py']
[2026-01-01T16:46:40.009+0000] {subprocess.py:86} INFO - Output:
[2026-01-01T16:46:41.889+0000] {subprocess.py:93} INFO - --- INICIANDO PROCESSAMENTO CAMADA OURO (DUCKDB) ---
[2026-01-01T16:46:41.890+0000] {subprocess.py:93} INFO - Gerando: Dimensão Calendário...
[2026-01-01T16:46:41.890+0000] {subprocess.py:93} INFO - Agregando: Infraestrutura CML por Freguesia...
[2026-01-01T16:46:41.890+0000] {subprocess.py:93} INFO - Agregando: Ocorrências Diárias...
[2026-01-01T16:46:41.891+0000] {subprocess.py:93} INFO - Agregando: Meteorologia Diária...
[2026-01-01T16:46:41.891+0000] {subprocess.py:93} INFO - Construindo: gold_fact_analise_diaria (O Tabelão Final)...
[2026-01-01T16:46:41.891+0000] {subprocess.py:93} INFO -  -> Tabela 'gold_fact_analise_diaria' criada com sucesso!
[2026-01-01T16:46:41.891+0000] {subprocess.py:93} INFO -  -> Arquivo final exportado para: ../../dados/ouro/tabela_analitica_final.parquet
[2026-01-01T16:46:41.891+0000] {subprocess.py:93} INFO - 
[2026-01-01T16:46:41.891+0000] {subprocess.py:93} INFO - --- AMOSTRA DOS DADOS (TOP 5) ---
[2026-01-01T16:46:41.891+0000] {subprocess.py:93} INFO -   data_referencia  freguesia  num_ecopontos  total_queixas_diarias
[2026-01-01T16:46:41.891+0000] {subprocess.py:93} INFO - 0      2025-06-30      Ajuda              3                     12
[2026-01-01T16:46:41.892+0000] {subprocess.py:93} INFO - 1      2025-06-30  Alcântara              5                     21
[2026-01-01T16:46:41.892+0000] {subprocess.py:93} INFO - 2      2025-06-30   Alvalade              0                     41
[2026-01-01T16:46:41.892+0000] {subprocess.py:93} INFO - 3      2025-06-30    Areeiro              1                     22
[2026-01-01T16:46:41.892+0000] {subprocess.py:93} INFO - 4      2025-06-30    Arroios              7                     51
[2026-01-01T16:46:41.892+0000] {subprocess.py:93} INFO - 
[2026-01-01T16:46:41.892+0000] {subprocess.py:93} INFO - Processamento Gold concluído!
[2026-01-01T16:46:41.982+0000] {subprocess.py:97} INFO - Command exited with return code 0
[2026-01-01T16:46:41.983+0000] {taskinstance.py:441} INFO - ::group::Post task execution logs
[2026-01-01T16:46:42.007+0000] {taskinstance.py:1206} INFO - Marking task as SUCCESS. dag_id=higiene_urbana_lisboa_etl, task_id=gold_analytics, run_id=manual__2026-01-01T16:37:13.356582+00:00, execution_date=20260101T163713, start_date=20260101T164639, end_date=20260101T164642
[2026-01-01T16:46:42.044+0000] {local_task_job_runner.py:240} INFO - Task exited with return code 0
[2026-01-01T16:46:42.060+0000] {taskinstance.py:3498} INFO - 0 downstream tasks scheduled from follow-on schedule check
[2026-01-01T16:46:42.061+0000] {local_task_job_runner.py:222} INFO - ::endgroup::
