[2026-01-01T14:24:01.366+0000] {local_task_job_runner.py:120} INFO - ::group::Pre task execution logs
[2026-01-01T14:24:01.405+0000] {taskinstance.py:2076} INFO - Dependencies all met for dep_context=non-requeueable deps ti=<TaskInstance: higiene_urbana_lisboa_etl.bronze_ine manual__2026-01-01T14:22:56.765198+00:00 [queued]>
[2026-01-01T14:24:01.417+0000] {taskinstance.py:2076} INFO - Dependencies all met for dep_context=requeueable deps ti=<TaskInstance: higiene_urbana_lisboa_etl.bronze_ine manual__2026-01-01T14:22:56.765198+00:00 [queued]>
[2026-01-01T14:24:01.418+0000] {taskinstance.py:2306} INFO - Starting attempt 1 of 2
[2026-01-01T14:24:01.432+0000] {taskinstance.py:2330} INFO - Executing <Task(BashOperator): bronze_ine> on 2026-01-01 14:22:56.765198+00:00
[2026-01-01T14:24:01.445+0000] {logging_mixin.py:188} WARNING - /home/***/.local/lib/python3.12/site-packages/***/task/task_runner/standard_task_runner.py:61 DeprecationWarning: This process (pid=415) is multi-threaded, use of fork() may lead to deadlocks in the child.
[2026-01-01T14:24:01.446+0000] {standard_task_runner.py:63} INFO - Started process 417 to run task
[2026-01-01T14:24:01.445+0000] {standard_task_runner.py:90} INFO - Running: ['***', 'tasks', 'run', 'higiene_urbana_lisboa_etl', 'bronze_ine', 'manual__2026-01-01T14:22:56.765198+00:00', '--job-id', '147', '--raw', '--subdir', 'DAGS_FOLDER/dag_higiene_lisboa.py', '--cfg-path', '/tmp/tmpat8joond']
[2026-01-01T14:24:01.448+0000] {standard_task_runner.py:91} INFO - Job 147: Subtask bronze_ine
[2026-01-01T14:24:01.466+0000] {logging_mixin.py:188} WARNING - /home/***/.local/lib/python3.12/site-packages/***/settings.py:195 DeprecationWarning: The sql_alchemy_conn option in [core] has been moved to the sql_alchemy_conn option in [database] - the old setting has been used, but please update your config.
[2026-01-01T14:24:01.512+0000] {task_command.py:426} INFO - Running <TaskInstance: higiene_urbana_lisboa_etl.bronze_ine manual__2026-01-01T14:22:56.765198+00:00 [running]> on host 8216b447db0d
[2026-01-01T14:24:01.632+0000] {taskinstance.py:2648} INFO - Exporting env vars: AIRFLOW_CTX_DAG_OWNER='grupo10' AIRFLOW_CTX_DAG_ID='higiene_urbana_lisboa_etl' AIRFLOW_CTX_TASK_ID='bronze_ine' AIRFLOW_CTX_EXECUTION_DATE='2026-01-01T14:22:56.765198+00:00' AIRFLOW_CTX_TRY_NUMBER='1' AIRFLOW_CTX_DAG_RUN_ID='manual__2026-01-01T14:22:56.765198+00:00'
[2026-01-01T14:24:01.633+0000] {taskinstance.py:430} INFO - ::endgroup::
[2026-01-01T14:24:01.649+0000] {subprocess.py:63} INFO - Tmp dir root location: /tmp
[2026-01-01T14:24:01.649+0000] {subprocess.py:75} INFO - Running command: ['/usr/bin/bash', '-c', 'python ine.py']
[2026-01-01T14:24:01.667+0000] {subprocess.py:86} INFO - Output:
[2026-01-01T14:25:28.183+0000] {subprocess.py:93} INFO - --- FASE 1: Buscando municípios do Distrito de Lisboa ---
[2026-01-01T14:25:28.184+0000] {subprocess.py:93} INFO - URL: https://geoapi.pt/distrito/lisboa/municipios?json=1
[2026-01-01T14:25:28.184+0000] {subprocess.py:93} INFO - Municípios encontrados: 16
[2026-01-01T14:25:28.185+0000] {subprocess.py:93} INFO - [1/16] Processando: Alenquer...
[2026-01-01T14:25:28.185+0000] {subprocess.py:93} INFO - [2/16] Processando: Amadora...
[2026-01-01T14:25:28.185+0000] {subprocess.py:93} INFO - [3/16] Processando: Arruda Dos Vinhos...
[2026-01-01T14:25:28.186+0000] {subprocess.py:93} INFO - [4/16] Processando: Azambuja...
[2026-01-01T14:25:28.186+0000] {subprocess.py:93} INFO - [5/16] Processando: Cadaval...
[2026-01-01T14:25:28.186+0000] {subprocess.py:93} INFO - [6/16] Processando: Cascais...
[2026-01-01T14:25:28.186+0000] {subprocess.py:93} INFO - [7/16] Processando: Lisboa...
[2026-01-01T14:25:28.186+0000] {subprocess.py:93} INFO - [8/16] Processando: Loures...
[2026-01-01T14:25:28.186+0000] {subprocess.py:93} INFO - [9/16] Processando: Lourinhã...
[2026-01-01T14:25:28.187+0000] {subprocess.py:93} INFO - [10/16] Processando: Mafra...
[2026-01-01T14:25:28.187+0000] {subprocess.py:93} INFO - [11/16] Processando: Odivelas...
[2026-01-01T14:25:28.187+0000] {subprocess.py:93} INFO - [12/16] Processando: Oeiras...
[2026-01-01T14:25:28.187+0000] {subprocess.py:93} INFO - [13/16] Processando: Sintra...
[2026-01-01T14:25:28.187+0000] {subprocess.py:93} INFO - [14/16] Processando: Sobral de Monte Agraço...
[2026-01-01T14:25:28.187+0000] {subprocess.py:93} INFO - [15/16] Processando: Torres Vedras...
[2026-01-01T14:25:28.187+0000] {subprocess.py:93} INFO - [16/16] Processando: Vila Franca de Xira...
[2026-01-01T14:25:28.188+0000] {subprocess.py:93} INFO - 
[2026-01-01T14:25:28.188+0000] {subprocess.py:93} INFO - SUCESSO: 141 registros processados.
[2026-01-01T14:25:28.188+0000] {subprocess.py:93} INFO - --- Processando: populacao_idade_sexo (Código: 0011638) ---
[2026-01-01T14:25:28.188+0000] {subprocess.py:93} INFO -    -> Baixando ALENQUER...
[2026-01-01T14:25:28.188+0000] {subprocess.py:93} INFO -    -> Baixando AMADORA...
[2026-01-01T14:25:28.188+0000] {subprocess.py:93} INFO -    -> Baixando ARRUDA DOS VINHOS...
[2026-01-01T14:25:28.189+0000] {subprocess.py:93} INFO -    -> Baixando AZAMBUJA...
[2026-01-01T14:25:28.189+0000] {subprocess.py:93} INFO -    -> Baixando CADAVAL...
[2026-01-01T14:25:28.189+0000] {subprocess.py:93} INFO -    -> Baixando CASCAIS...
[2026-01-01T14:25:28.189+0000] {subprocess.py:93} INFO -    -> Baixando LISBOA...
[2026-01-01T14:25:28.189+0000] {subprocess.py:93} INFO -    -> Baixando LOURES...
[2026-01-01T14:25:28.189+0000] {subprocess.py:93} INFO -    -> Baixando LOURINHÃ...
[2026-01-01T14:25:28.189+0000] {subprocess.py:93} INFO -    -> Baixando MAFRA...
[2026-01-01T14:25:28.190+0000] {subprocess.py:93} INFO -    -> Baixando ODIVELAS...
[2026-01-01T14:25:28.190+0000] {subprocess.py:93} INFO -    -> Baixando OEIRAS...
[2026-01-01T14:25:28.190+0000] {subprocess.py:93} INFO -    -> Baixando SINTRA...
[2026-01-01T14:25:28.190+0000] {subprocess.py:93} INFO -    -> Baixando SOBRAL DE MONTE AGRAÇO...
[2026-01-01T14:25:28.190+0000] {subprocess.py:93} INFO -    -> Baixando TORRES VEDRAS...
[2026-01-01T14:25:28.190+0000] {subprocess.py:93} INFO -    -> Baixando VILA FRANCA DE XIRA...
[2026-01-01T14:25:28.191+0000] {subprocess.py:93} INFO - Resgatando os dados de populacao_idade_sexo_censo_ine
[2026-01-01T14:25:28.191+0000] {subprocess.py:93} INFO - Salvando no MinIO (s3://bronze/populacao_idade_sexo_censo_ine.csv)...
[2026-01-01T14:25:28.191+0000] {subprocess.py:93} INFO - Upload concluído com sucesso!
[2026-01-01T14:25:28.191+0000] {subprocess.py:93} INFO - --- Processando: edificios (Código: 0012582) ---
[2026-01-01T14:25:28.191+0000] {subprocess.py:93} INFO -    -> Baixando ALENQUER...
[2026-01-01T14:25:28.191+0000] {subprocess.py:93} INFO -    -> Baixando AMADORA...
[2026-01-01T14:25:28.191+0000] {subprocess.py:93} INFO -    -> Baixando ARRUDA DOS VINHOS...
[2026-01-01T14:25:28.192+0000] {subprocess.py:93} INFO -    -> Baixando AZAMBUJA...
[2026-01-01T14:25:28.192+0000] {subprocess.py:93} INFO -    -> Baixando CADAVAL...
[2026-01-01T14:25:28.192+0000] {subprocess.py:93} INFO -    -> Baixando CASCAIS...
[2026-01-01T14:25:28.192+0000] {subprocess.py:93} INFO -    -> Baixando LISBOA...
[2026-01-01T14:25:28.192+0000] {subprocess.py:93} INFO -    -> Baixando LOURES...
[2026-01-01T14:25:28.192+0000] {subprocess.py:93} INFO -    -> Baixando LOURINHÃ...
[2026-01-01T14:25:28.192+0000] {subprocess.py:93} INFO -    -> Baixando MAFRA...
[2026-01-01T14:25:28.193+0000] {subprocess.py:93} INFO -    -> Baixando ODIVELAS...
[2026-01-01T14:25:28.193+0000] {subprocess.py:93} INFO -    -> Baixando OEIRAS...
[2026-01-01T14:25:28.193+0000] {subprocess.py:93} INFO -    -> Baixando SINTRA...
[2026-01-01T14:25:28.193+0000] {subprocess.py:93} INFO -    -> Baixando SOBRAL DE MONTE AGRAÇO...
[2026-01-01T14:25:28.193+0000] {subprocess.py:93} INFO -    -> Baixando TORRES VEDRAS...
[2026-01-01T14:25:28.193+0000] {subprocess.py:93} INFO -    -> Baixando VILA FRANCA DE XIRA...
[2026-01-01T14:25:28.193+0000] {subprocess.py:93} INFO - Resgatando os dados de edificios_censo_ine
[2026-01-01T14:25:28.194+0000] {subprocess.py:93} INFO - Salvando no MinIO (s3://bronze/edificios_censo_ine.csv)...
[2026-01-01T14:25:28.194+0000] {subprocess.py:93} INFO - Upload concluído com sucesso!
[2026-01-01T14:25:28.194+0000] {subprocess.py:93} INFO - --- Processando: populacao_escolaridade (Código: 0011697) ---
[2026-01-01T14:25:28.194+0000] {subprocess.py:93} INFO -    -> Baixando ALENQUER...
[2026-01-01T14:25:28.194+0000] {subprocess.py:93} INFO -    -> Baixando AMADORA...
[2026-01-01T14:25:28.194+0000] {subprocess.py:93} INFO -    -> Baixando ARRUDA DOS VINHOS...
[2026-01-01T14:25:28.194+0000] {subprocess.py:93} INFO -    -> Baixando AZAMBUJA...
[2026-01-01T14:25:28.195+0000] {subprocess.py:93} INFO -    -> Baixando CADAVAL...
[2026-01-01T14:25:28.195+0000] {subprocess.py:93} INFO -    -> Baixando CASCAIS...
[2026-01-01T14:25:28.195+0000] {subprocess.py:93} INFO -    -> Baixando LISBOA...
[2026-01-01T14:25:28.195+0000] {subprocess.py:93} INFO -    -> Baixando LOURES...
[2026-01-01T14:25:28.195+0000] {subprocess.py:93} INFO -    -> Baixando LOURINHÃ...
[2026-01-01T14:25:28.195+0000] {subprocess.py:93} INFO -    -> Baixando MAFRA...
[2026-01-01T14:25:28.195+0000] {subprocess.py:93} INFO -    -> Baixando ODIVELAS...
[2026-01-01T14:25:28.196+0000] {subprocess.py:93} INFO -    -> Baixando OEIRAS...
[2026-01-01T14:25:28.196+0000] {subprocess.py:93} INFO -    -> Baixando SINTRA...
[2026-01-01T14:25:28.196+0000] {subprocess.py:93} INFO -    -> Baixando SOBRAL DE MONTE AGRAÇO...
[2026-01-01T14:25:28.196+0000] {subprocess.py:93} INFO -    -> Baixando TORRES VEDRAS...
[2026-01-01T14:25:28.196+0000] {subprocess.py:93} INFO -    -> Baixando VILA FRANCA DE XIRA...
[2026-01-01T14:25:28.196+0000] {subprocess.py:93} INFO - Resgatando os dados de populacao_escolaridade_censo_ine
[2026-01-01T14:25:28.196+0000] {subprocess.py:93} INFO - Salvando no MinIO (s3://bronze/populacao_escolaridade_censo_ine.csv)...
[2026-01-01T14:25:28.197+0000] {subprocess.py:93} INFO - Upload concluído com sucesso!
[2026-01-01T14:25:28.661+0000] {subprocess.py:97} INFO - Command exited with return code 0
[2026-01-01T14:25:28.662+0000] {taskinstance.py:441} INFO - ::group::Post task execution logs
[2026-01-01T14:25:28.700+0000] {taskinstance.py:1206} INFO - Marking task as SUCCESS. dag_id=higiene_urbana_lisboa_etl, task_id=bronze_ine, run_id=manual__2026-01-01T14:22:56.765198+00:00, execution_date=20260101T142256, start_date=20260101T142401, end_date=20260101T142528
[2026-01-01T14:25:28.749+0000] {local_task_job_runner.py:240} INFO - Task exited with return code 0
[2026-01-01T14:25:28.784+0000] {taskinstance.py:3498} INFO - 1 downstream tasks scheduled from follow-on schedule check
[2026-01-01T14:25:28.786+0000] {local_task_job_runner.py:222} INFO - ::endgroup::
