[2026-01-01T14:20:51.265+0000] {local_task_job_runner.py:120} INFO - ::group::Pre task execution logs
[2026-01-01T14:20:51.295+0000] {taskinstance.py:2076} INFO - Dependencies all met for dep_context=non-requeueable deps ti=<TaskInstance: higiene_urbana_lisboa_etl.bronze_osm scheduled__2025-12-31T00:00:00+00:00 [queued]>
[2026-01-01T14:20:51.304+0000] {taskinstance.py:2076} INFO - Dependencies all met for dep_context=requeueable deps ti=<TaskInstance: higiene_urbana_lisboa_etl.bronze_osm scheduled__2025-12-31T00:00:00+00:00 [queued]>
[2026-01-01T14:20:51.304+0000] {taskinstance.py:2306} INFO - Starting attempt 1 of 2
[2026-01-01T14:20:51.318+0000] {taskinstance.py:2330} INFO - Executing <Task(BashOperator): bronze_osm> on 2025-12-31 00:00:00+00:00
[2026-01-01T14:20:51.331+0000] {logging_mixin.py:188} WARNING - /home/***/.local/lib/python3.12/site-packages/***/task/task_runner/standard_task_runner.py:61 DeprecationWarning: This process (pid=173) is multi-threaded, use of fork() may lead to deadlocks in the child.
[2026-01-01T14:20:51.339+0000] {standard_task_runner.py:63} INFO - Started process 184 to run task
[2026-01-01T14:20:51.329+0000] {standard_task_runner.py:90} INFO - Running: ['***', 'tasks', 'run', 'higiene_urbana_lisboa_etl', 'bronze_osm', 'scheduled__2025-12-31T00:00:00+00:00', '--job-id', '136', '--raw', '--subdir', 'DAGS_FOLDER/dag_higiene_lisboa.py', '--cfg-path', '/tmp/tmpl3blb4g7']
[2026-01-01T14:20:51.344+0000] {standard_task_runner.py:91} INFO - Job 136: Subtask bronze_osm
[2026-01-01T14:20:51.364+0000] {logging_mixin.py:188} WARNING - /home/***/.local/lib/python3.12/site-packages/***/settings.py:195 DeprecationWarning: The sql_alchemy_conn option in [core] has been moved to the sql_alchemy_conn option in [database] - the old setting has been used, but please update your config.
[2026-01-01T14:20:51.398+0000] {task_command.py:426} INFO - Running <TaskInstance: higiene_urbana_lisboa_etl.bronze_osm scheduled__2025-12-31T00:00:00+00:00 [running]> on host 8216b447db0d
[2026-01-01T14:20:51.540+0000] {taskinstance.py:2648} INFO - Exporting env vars: AIRFLOW_CTX_DAG_OWNER='grupo10' AIRFLOW_CTX_DAG_ID='higiene_urbana_lisboa_etl' AIRFLOW_CTX_TASK_ID='bronze_osm' AIRFLOW_CTX_EXECUTION_DATE='2025-12-31T00:00:00+00:00' AIRFLOW_CTX_TRY_NUMBER='1' AIRFLOW_CTX_DAG_RUN_ID='scheduled__2025-12-31T00:00:00+00:00'
[2026-01-01T14:20:51.541+0000] {taskinstance.py:430} INFO - ::endgroup::
[2026-01-01T14:20:51.557+0000] {subprocess.py:63} INFO - Tmp dir root location: /tmp
[2026-01-01T14:20:51.557+0000] {subprocess.py:75} INFO - Running command: ['/usr/bin/bash', '-c', 'python open_street_map.py']
[2026-01-01T14:20:51.572+0000] {subprocess.py:86} INFO - Output:
[2026-01-01T14:20:57.460+0000] {subprocess.py:93} INFO - Enviando consulta para o Overpass API...
[2026-01-01T14:20:57.461+0000] {subprocess.py:93} INFO - Sucesso! 1639 pontos de reciclagem encontrados no OSM.
[2026-01-01T14:20:57.461+0000] {subprocess.py:93} INFO - Resgatando os dados do OSM
[2026-01-01T14:20:57.462+0000] {subprocess.py:93} INFO - Salvando no MinIO (s3://bronze/osm_ecopontos.csv)...
[2026-01-01T14:20:57.462+0000] {subprocess.py:93} INFO - Upload concluído com sucesso!
[2026-01-01T14:20:57.704+0000] {subprocess.py:97} INFO - Command exited with return code 0
[2026-01-01T14:20:57.705+0000] {taskinstance.py:441} INFO - ::group::Post task execution logs
[2026-01-01T14:20:57.729+0000] {taskinstance.py:1206} INFO - Marking task as SUCCESS. dag_id=higiene_urbana_lisboa_etl, task_id=bronze_osm, run_id=scheduled__2025-12-31T00:00:00+00:00, execution_date=20251231T000000, start_date=20260101T142051, end_date=20260101T142057
[2026-01-01T14:20:57.773+0000] {local_task_job_runner.py:240} INFO - Task exited with return code 0
[2026-01-01T14:20:57.794+0000] {taskinstance.py:3498} INFO - 0 downstream tasks scheduled from follow-on schedule check
[2026-01-01T14:20:57.795+0000] {local_task_job_runner.py:222} INFO - ::endgroup::
