[2026-01-01T16:47:45.132+0000] {local_task_job_runner.py:120} INFO - ::group::Pre task execution logs
[2026-01-01T16:47:45.162+0000] {taskinstance.py:2076} INFO - Dependencies all met for dep_context=non-requeueable deps ti=<TaskInstance: higiene_urbana_lisboa_etl.bronze_geoapi manual__2026-01-01T16:47:44.361639+00:00 [queued]>
[2026-01-01T16:47:45.171+0000] {taskinstance.py:2076} INFO - Dependencies all met for dep_context=requeueable deps ti=<TaskInstance: higiene_urbana_lisboa_etl.bronze_geoapi manual__2026-01-01T16:47:44.361639+00:00 [queued]>
[2026-01-01T16:47:45.171+0000] {taskinstance.py:2306} INFO - Starting attempt 1 of 2
[2026-01-01T16:47:45.183+0000] {taskinstance.py:2330} INFO - Executing <Task(BashOperator): bronze_geoapi> on 2026-01-01 16:47:44.361639+00:00
[2026-01-01T16:47:45.196+0000] {logging_mixin.py:188} WARNING - /home/***/.local/lib/python3.12/site-packages/***/task/task_runner/standard_task_runner.py:61 DeprecationWarning: This process (pid=542) is multi-threaded, use of fork() may lead to deadlocks in the child.
[2026-01-01T16:47:45.195+0000] {standard_task_runner.py:90} INFO - Running: ['***', 'tasks', 'run', 'higiene_urbana_lisboa_etl', 'bronze_geoapi', 'manual__2026-01-01T16:47:44.361639+00:00', '--job-id', '161', '--raw', '--subdir', 'DAGS_FOLDER/dag_higiene_lisboa.py', '--cfg-path', '/tmp/tmpssa4tlsl']
[2026-01-01T16:47:45.198+0000] {standard_task_runner.py:63} INFO - Started process 548 to run task
[2026-01-01T16:47:45.198+0000] {standard_task_runner.py:91} INFO - Job 161: Subtask bronze_geoapi
[2026-01-01T16:47:45.214+0000] {logging_mixin.py:188} WARNING - /home/***/.local/lib/python3.12/site-packages/***/settings.py:195 DeprecationWarning: The sql_alchemy_conn option in [core] has been moved to the sql_alchemy_conn option in [database] - the old setting has been used, but please update your config.
[2026-01-01T16:47:45.260+0000] {task_command.py:426} INFO - Running <TaskInstance: higiene_urbana_lisboa_etl.bronze_geoapi manual__2026-01-01T16:47:44.361639+00:00 [running]> on host 8216b447db0d
[2026-01-01T16:47:45.360+0000] {taskinstance.py:2648} INFO - Exporting env vars: AIRFLOW_CTX_DAG_OWNER='grupo10' AIRFLOW_CTX_DAG_ID='higiene_urbana_lisboa_etl' AIRFLOW_CTX_TASK_ID='bronze_geoapi' AIRFLOW_CTX_EXECUTION_DATE='2026-01-01T16:47:44.361639+00:00' AIRFLOW_CTX_TRY_NUMBER='1' AIRFLOW_CTX_DAG_RUN_ID='manual__2026-01-01T16:47:44.361639+00:00'
[2026-01-01T16:47:45.361+0000] {taskinstance.py:430} INFO - ::endgroup::
[2026-01-01T16:47:45.375+0000] {subprocess.py:63} INFO - Tmp dir root location: /tmp
[2026-01-01T16:47:45.375+0000] {subprocess.py:75} INFO - Running command: ['/usr/bin/bash', '-c', 'python geoapi_freguesias.py']
[2026-01-01T16:47:45.389+0000] {subprocess.py:86} INFO - Output:
[2026-01-01T16:47:47.161+0000] {subprocess.py:93} INFO - Resgatando os dados de GEOAPI
[2026-01-01T16:47:47.162+0000] {subprocess.py:93} INFO - Salvando no MinIO (s3://bronze/geoapi_distrito_lisboa.csv)...
[2026-01-01T16:47:47.162+0000] {subprocess.py:93} INFO - Upload concluído com sucesso!
[2026-01-01T16:47:47.440+0000] {subprocess.py:97} INFO - Command exited with return code 0
[2026-01-01T16:47:47.440+0000] {taskinstance.py:441} INFO - ::group::Post task execution logs
[2026-01-01T16:47:47.464+0000] {taskinstance.py:1206} INFO - Marking task as SUCCESS. dag_id=higiene_urbana_lisboa_etl, task_id=bronze_geoapi, run_id=manual__2026-01-01T16:47:44.361639+00:00, execution_date=20260101T164744, start_date=20260101T164745, end_date=20260101T164747
[2026-01-01T16:47:47.515+0000] {local_task_job_runner.py:240} INFO - Task exited with return code 0
[2026-01-01T16:47:47.538+0000] {taskinstance.py:3498} INFO - 0 downstream tasks scheduled from follow-on schedule check
[2026-01-01T16:47:47.539+0000] {local_task_job_runner.py:222} INFO - ::endgroup::
